Archive member included to satisfy reference by file (symbol)

d:/app/stm32cubeide_1.7.0/stm32cubeide/plugins/com.st.stm32cube.ide.mcu.externaltools.gnu-tools-for-stm32.9-2020-q2-update.win32_2.0.0.202105311346/tools/bin/../lib/gcc/arm-none-eabi/9.3.1/../../../../arm-none-eabi/lib/thumb/v7-m/nofp\libc_nano.a(lib_a-errno.o)
                              ./Core/Src/syscalls.o (__errno)
d:/app/stm32cubeide_1.7.0/stm32cubeide/plugins/com.st.stm32cube.ide.mcu.externaltools.gnu-tools-for-stm32.9-2020-q2-update.win32_2.0.0.202105311346/tools/bin/../lib/gcc/arm-none-eabi/9.3.1/../../../../arm-none-eabi/lib/thumb/v7-m/nofp\libc_nano.a(lib_a-exit.o)
                              d:/app/stm32cubeide_1.7.0/stm32cubeide/plugins/com.st.stm32cube.ide.mcu.externaltools.gnu-tools-for-stm32.9-2020-q2-update.win32_2.0.0.202105311346/tools/bin/../lib/gcc/arm-none-eabi/9.3.1/../../../../arm-none-eabi/lib/thumb/v7-m/nofp/crt0.o (exit)
d:/app/stm32cubeide_1.7.0/stm32cubeide/plugins/com.st.stm32cube.ide.mcu.externaltools.gnu-tools-for-stm32.9-2020-q2-update.win32_2.0.0.202105311346/tools/bin/../lib/gcc/arm-none-eabi/9.3.1/../../../../arm-none-eabi/lib/thumb/v7-m/nofp\libc_nano.a(lib_a-impure.o)
                              d:/app/stm32cubeide_1.7.0/stm32cubeide/plugins/com.st.stm32cube.ide.mcu.externaltools.gnu-tools-for-stm32.9-2020-q2-update.win32_2.0.0.202105311346/tools/bin/../lib/gcc/arm-none-eabi/9.3.1/../../../../arm-none-eabi/lib/thumb/v7-m/nofp\libc_nano.a(lib_a-exit.o) (_global_impure_ptr)
d:/app/stm32cubeide_1.7.0/stm32cubeide/plugins/com.st.stm32cube.ide.mcu.externaltools.gnu-tools-for-stm32.9-2020-q2-update.win32_2.0.0.202105311346/tools/bin/../lib/gcc/arm-none-eabi/9.3.1/../../../../arm-none-eabi/lib/thumb/v7-m/nofp\libc_nano.a(lib_a-init.o)
                              d:/app/stm32cubeide_1.7.0/stm32cubeide/plugins/com.st.stm32cube.ide.mcu.externaltools.gnu-tools-for-stm32.9-2020-q2-update.win32_2.0.0.202105311346/tools/bin/../lib/gcc/arm-none-eabi/9.3.1/../../../../arm-none-eabi/lib/thumb/v7-m/nofp/crt0.o (__libc_init_array)
d:/app/stm32cubeide_1.7.0/stm32cubeide/plugins/com.st.stm32cube.ide.mcu.externaltools.gnu-tools-for-stm32.9-2020-q2-update.win32_2.0.0.202105311346/tools/bin/../lib/gcc/arm-none-eabi/9.3.1/../../../../arm-none-eabi/lib/thumb/v7-m/nofp\libc_nano.a(lib_a-malloc.o)
                              ./Core/Src/software_timer.o (malloc)
d:/app/stm32cubeide_1.7.0/stm32cubeide/plugins/com.st.stm32cube.ide.mcu.externaltools.gnu-tools-for-stm32.9-2020-q2-update.win32_2.0.0.202105311346/tools/bin/../lib/gcc/arm-none-eabi/9.3.1/../../../../arm-none-eabi/lib/thumb/v7-m/nofp\libc_nano.a(lib_a-memset.o)
                              d:/app/stm32cubeide_1.7.0/stm32cubeide/plugins/com.st.stm32cube.ide.mcu.externaltools.gnu-tools-for-stm32.9-2020-q2-update.win32_2.0.0.202105311346/tools/bin/../lib/gcc/arm-none-eabi/9.3.1/../../../../arm-none-eabi/lib/thumb/v7-m/nofp/crt0.o (memset)
d:/app/stm32cubeide_1.7.0/stm32cubeide/plugins/com.st.stm32cube.ide.mcu.externaltools.gnu-tools-for-stm32.9-2020-q2-update.win32_2.0.0.202105311346/tools/bin/../lib/gcc/arm-none-eabi/9.3.1/../../../../arm-none-eabi/lib/thumb/v7-m/nofp\libc_nano.a(lib_a-nano-freer.o)
                              d:/app/stm32cubeide_1.7.0/stm32cubeide/plugins/com.st.stm32cube.ide.mcu.externaltools.gnu-tools-for-stm32.9-2020-q2-update.win32_2.0.0.202105311346/tools/bin/../lib/gcc/arm-none-eabi/9.3.1/../../../../arm-none-eabi/lib/thumb/v7-m/nofp\libc_nano.a(lib_a-malloc.o) (_free_r)
d:/app/stm32cubeide_1.7.0/stm32cubeide/plugins/com.st.stm32cube.ide.mcu.externaltools.gnu-tools-for-stm32.9-2020-q2-update.win32_2.0.0.202105311346/tools/bin/../lib/gcc/arm-none-eabi/9.3.1/../../../../arm-none-eabi/lib/thumb/v7-m/nofp\libc_nano.a(lib_a-nano-mallocr.o)
                              d:/app/stm32cubeide_1.7.0/stm32cubeide/plugins/com.st.stm32cube.ide.mcu.externaltools.gnu-tools-for-stm32.9-2020-q2-update.win32_2.0.0.202105311346/tools/bin/../lib/gcc/arm-none-eabi/9.3.1/../../../../arm-none-eabi/lib/thumb/v7-m/nofp\libc_nano.a(lib_a-malloc.o) (_malloc_r)
d:/app/stm32cubeide_1.7.0/stm32cubeide/plugins/com.st.stm32cube.ide.mcu.externaltools.gnu-tools-for-stm32.9-2020-q2-update.win32_2.0.0.202105311346/tools/bin/../lib/gcc/arm-none-eabi/9.3.1/../../../../arm-none-eabi/lib/thumb/v7-m/nofp\libc_nano.a(lib_a-sbrkr.o)
                              d:/app/stm32cubeide_1.7.0/stm32cubeide/plugins/com.st.stm32cube.ide.mcu.externaltools.gnu-tools-for-stm32.9-2020-q2-update.win32_2.0.0.202105311346/tools/bin/../lib/gcc/arm-none-eabi/9.3.1/../../../../arm-none-eabi/lib/thumb/v7-m/nofp\libc_nano.a(lib_a-nano-mallocr.o) (_sbrk_r)
d:/app/stm32cubeide_1.7.0/stm32cubeide/plugins/com.st.stm32cube.ide.mcu.externaltools.gnu-tools-for-stm32.9-2020-q2-update.win32_2.0.0.202105311346/tools/bin/../lib/gcc/arm-none-eabi/9.3.1/../../../../arm-none-eabi/lib/thumb/v7-m/nofp\libc_nano.a(lib_a-mlock.o)
[...]
Memory Configuration

Name             Origin             Length             Attributes
RAM              0x0000000020000000 0x0000000000002800 xrw
FLASH            0x0000000008000000 0x0000000000008000 xr
*default*        0x0000000000000000 0xffffffffffffffff

Linker script and memory map

LOAD d:/app/stm32cubeide_1.7.0/stm32cubeide/plugins/com.st.stm32cube.ide.mcu.externaltools.gnu-tools-for-stm32.9-2020-q2-update.win32_2.0.0.202105311346/tools/bin/../lib/gcc/arm-none-eabi/9.3.1/thumb/v7-m/nofp/crti.o
LOAD d:/app/stm32cubeide_1.7.0/stm32cubeide/plugins/com.st.stm32cube.ide.mcu.externaltools.gnu-tools-for-stm32.9-2020-q2-update.win32_2.0.0.202105311346/tools/bin/../lib/gcc/arm-none-eabi/9.3.1/thumb/v7-m/nofp/crtbegin.o
LOAD d:/app/stm32cubeide_1.7.0/stm32cubeide/plugins/com.st.stm32cube.ide.mcu.externaltools.gnu-tools-for-stm32.9-2020-q2-update.win32_2.0.0.202105311346/tools/bin/../lib/gcc/arm-none-eabi/9.3.1/../../../../arm-none-eabi/lib/thumb/v7-m/nofp/crt0.o
LOAD ./Core/Src/display7seg.o
LOAD ./Core/Src/fsm_run.o
LOAD ./Core/Src/global.o
LOAD ./Core/Src/input_processing.o
LOAD ./Core/Src/input_reading.o
LOAD ./Core/Src/main.o
LOAD ./Core/Src/software_timer.o
LOAD ./Core/Src/stm32f1xx_hal_msp.o
LOAD ./Core/Src/stm32f1xx_it.o
LOAD ./Core/Src/syscalls.o
LOAD ./Core/Src/sysmem.o
LOAD ./Core/Src/system_stm32f1xx.o
LOAD ./Core/Src/traffic_light.o
LOAD ./Core/Startup/startup_stm32f103c6tx.o
LOAD ./Drivers/STM32F1xx_HAL_Driver/Src/stm32f1xx_hal.o
LOAD ./Drivers/STM32F1xx_HAL_Driver/Src/stm32f1xx_hal_cortex.o
LOAD ./Drivers/STM32F1xx_HAL_Driver/Src/stm32f1xx_hal_dma.o
LOAD ./Drivers/STM32F1xx_HAL_Driver/Src/stm32f1xx_hal_exti.o
LOAD ./Drivers/STM32F1xx_HAL_Driver/Src/stm32f1xx_hal_flash.o
LOAD ./Drivers/STM32F1xx_HAL_Driver/Src/stm32f1xx_hal_flash_ex.o
LOAD ./Drivers/STM32F1xx_HAL_Driver/Src/stm32f1xx_hal_gpio.o
LOAD ./Drivers/STM32F1xx_HAL_Driver/Src/stm32f1xx_hal_gpio_ex.o
LOAD ./Drivers/STM32F1xx_HAL_Driver/Src/stm32f1xx_hal_pwr.o
LOAD ./Drivers/STM32F1xx_HAL_Driver/Src/stm32f1xx_hal_rcc.o
LOAD ./Drivers/STM32F1xx_HAL_Driver/Src/stm32f1xx_hal_rcc_ex.o
LOAD ./Drivers/STM32F1xx_HAL_Driver/Src/stm32f1xx_hal_tim.o
LOAD ./Drivers/STM32F1xx_HAL_Driver/Src/stm32f1xx_hal_tim_ex.o
START GROUP
LOAD d:/app/stm32cubeide_1.7.0/stm32cubeide/plugins/com.st.stm32cube.ide.mcu.externaltools.gnu-tools-for-stm32.9-2020-q2-update.win32_2.0.0.202105311346/tools/bin/../lib/gcc/arm-none-eabi/9.3.1/../../../../arm-none-eabi/lib/thumb/v7-m/nofp\libc_nano.a
LOAD d:/app/stm32cubeide_1.7.0/stm32cubeide/plugins/com.st.stm32cube.ide.mcu.externaltools.gnu-tools-for-stm32.9-2020-q2-update.win32_2.0.0.202105311346/tools/bin/../lib/gcc/arm-none-eabi/9.3.1/../../../../arm-none-eabi/lib/thumb/v7-m/nofp\libm.a
END GROUP
START GROUP
LOAD d:/app/stm32cubeide_1.7.0/stm32cubeide/plugins/com.st.stm32cube.ide.mcu.externaltools.gnu-tools-for-stm32.9-2020-q2-update.win32_2.0.0.202105311346/tools/bin/../lib/gcc/arm-none-eabi/9.3.1/thumb/v7-m/nofp\libgcc.a
LOAD d:/app/stm32cubeide_1.7.0/stm32cubeide/plugins/com.st.stm32cube.ide.mcu.externaltools.gnu-tools-for-stm32.9-2020-q2-update.win32_2.0.0.202105311346/tools/bin/../lib/gcc/arm-none-eabi/9.3.1/../../../../arm-none-eabi/lib/thumb/v7-m/nofp\libc_nano.a
END GROUP
START GROUP
LOAD d:/app/stm32cubeide_1.7.0/stm32cubeide/plugins/com.st.stm32cube.ide.mcu.externaltools.gnu-tools-for-stm32.9-2020-q2-update.win32_2.0.0.202105311346/tools/bin/../lib/gcc/arm-none-eabi/9.3.1/thumb/v7-m/nofp\libgcc.a
LOAD d:/app/stm32cubeide_1.7.0/stm32cubeide/plugins/com.st.stm32cube.ide.mcu.externaltools.gnu-tools-for-stm32.9-2020-q2-update.win32_2.0.0.202105311346/tools/bin/../lib/gcc/arm-none-eabi/9.3.1/../../../../arm-none-eabi/lib/thumb/v7-m/nofp\libc_nano.a
LOAD d:/app/stm32cubeide_1.7.0/stm32cubeide/plugins/com.st.stm32cube.ide.mcu.externaltools.gnu-tools-for-stm32.9-2020-q2-update.win32_2.0.0.202105311346/tools/bin/../lib/gcc/arm-none-eabi/9.3.1/../../../../arm-none-eabi/lib/thumb/v7-m/nofp\libnosys.a
END GROUP
START GROUP
LOAD d:/app/stm32cubeide_1.7.0/stm32cubeide/plugins/com.st.stm32cube.ide.mcu.externaltools.gnu-tools-for-stm32.9-2020-q2-update.win32_2.0.0.202105311346/tools/bin/../lib/gcc/arm-none-eabi/9.3.1/thumb/v7-m/nofp\libgcc.a
LOAD d:/app/stm32cubeide_1.7.0/stm32cubeide/plugins/com.st.stm32cube.ide.mcu.externaltools.gnu-tools-for-stm32.9-2020-q2-update.win32_2.0.0.202105311346/tools/bin/../lib/gcc/arm-none-eabi/9.3.1/../../../../arm-none-eabi/lib/thumb/v7-m/nofp\libc_nano.a
LOAD d:/app/stm32cubeide_1.7.0/stm32cubeide/plugins/com.st.stm32cube.ide.mcu.externaltools.gnu-tools-for-stm32.9-2020-q2-update.win32_2.0.0.202105311346/tools/bin/../lib/gcc/arm-none-eabi/9.3.1/../../../../arm-none-eabi/lib/thumb/v7-m/nofp\libnosys.a
END GROUP
LOAD d:/app/stm32cubeide_1.7.0/stm32cubeide/plugins/com.st.stm32cube.ide.mcu.externaltools.gnu-tools-for-stm32.9-2020-q2-update.win32_2.0.0.202105311346/tools/bin/../lib/gcc/arm-none-eabi/9.3.1/thumb/v7-m/nofp/crtend.o
LOAD d:/app/stm32cubeide_1.7.0/stm32cubeide/plugins/com.st.stm32cube.ide.mcu.externaltools.gnu-tools-for-stm32.9-2020-q2-update.win32_2.0.0.202105311346/tools/bin/../lib/gcc/arm-none-eabi/9.3.1/thumb/v7-m/nofp/crtn.o
                0x0000000020002800                _estack = (ORIGIN (RAM) + LENGTH (RAM))
                0x0000000000000200                _Min_Heap_Size = 0x200
                0x0000000000000400                _Min_Stack_Size = 0x400

.isr_vector     0x0000000008000000      0x10c
                0x0000000008000000                . = ALIGN (0x4)
 *(.isr_vector)
 .isr_vector    0x0000000008000000      0x10c ./Core/Startup/startup_stm32f103c6tx.o
                0x0000000008000000                g_pfnVectors
                0x000000000800010c                . = ALIGN (0x4)

.text           0x000000000800010c     0x3640
                0x000000000800010c                . = ALIGN (0x4)
 *(.text)
 .text          0x000000000800010c       0x40 d:/app/stm32cubeide_1.7.0/stm32cubeide/plugins/com.st.stm32cube.ide.mcu.externaltools.gnu-tools-for-stm32.9-2020-q2-update.win32_2.0.0.202105311346/tools/bin/../lib/gcc/arm-none-eabi/9.3.1/thumb/v7-m/nofp/crtbegin.o
 *(.text*)
 .text.display7SEG
                0x000000000800014c      0x14c ./Core/Src/display7seg.o
                0x000000000800014c                display7SEG
 .text.update7SEG
                0x0000000008000298      0x128 ./Core/Src/display7seg.o
                0x0000000008000298                update7SEG
 .text.countDown7SEG
                0x00000000080003c0       0x30 ./Core/Src/display7seg.o
                0x00000000080003c0                countDown7SEG
 .text.number7SEG
                0x00000000080003f0      0x5b0 ./Core/Src/display7seg.o
                0x00000000080003f0                number7SEG
 .text.__NVIC_SystemReset
                0x00000000080009a0       0x2c ./Core/Src/fsm_run.o
 .text.fsm_run  0x00000000080009cc      0x18c ./Core/Src/fsm_run.o
                0x00000000080009cc                fsm_run
 .text.p_clockSet
                0x0000000008000b58       0x38 ./Core/Src/global.o
                0x0000000008000b58                p_clockSet
 .text.p_clockRun
                0x0000000008000b90       0x2c ./Core/Src/global.o
                0x0000000008000b90                p_clockRun
 .text.fsm_input_driven_normal
                0x0000000008000bbc      0x248 ./Core/Src/input_processing.o
                0x0000000008000bbc                fsm_input_driven_normal
 .text.fsm_input_driven_config
                0x0000000008000e04      0x344 ./Core/Src/input_processing.o
                0x0000000008000e04                fsm_input_driven_config
 .text.toggleLed
                0x0000000008001148       0x60 ./Core/Src/input_processing.o
                0x0000000008001148                toggleLed
 .text.flushLed
                0x00000000080011a8       0x48 ./Core/Src/input_processing.o
                0x00000000080011a8                flushLed
 .text.button_pin_read
                0x00000000080011f0       0x54 ./Core/Src/input_reading.o
                0x00000000080011f0                button_pin_read
 .text.button_reading
                0x0000000008001244      0x26c ./Core/Src/input_reading.o
                0x0000000008001244                button_reading
 .text.resetButtonFlag
                0x00000000080014b0       0x40 ./Core/Src/input_reading.o
                0x00000000080014b0                resetButtonFlag
 .text.unit_test_button_press
                0x00000000080014f0       0x38 ./Core/Src/input_reading.o
                0x00000000080014f0                unit_test_button_press
 .text.main     0x0000000008001528       0xd8 ./Core/Src/main.o
                0x0000000008001528                main
 .text.SystemClock_Config
                0x0000000008001600       0x7a ./Core/Src/main.o
                0x0000000008001600                SystemClock_Config
 *fill*         0x000000000800167a        0x2 
 .text.MX_TIM2_Init
                0x000000000800167c       0x98 ./Core/Src/main.o
 .text.MX_GPIO_Init
                0x0000000008001714       0xc0 ./Core/Src/main.o
 .text.Error_Handler
                0x00000000080017d4        0xa ./Core/Src/main.o
                0x00000000080017d4                Error_Handler
 *fill*         0x00000000080017de        0x2 
 .text.set_timer
                0x00000000080017e0       0xdc ./Core/Src/software_timer.o
                0x00000000080017e0                set_timer
 .text.cancel_timer
                0x00000000080018bc       0xf0 ./Core/Src/software_timer.o
                0x00000000080018bc                cancel_timer
 .text.timer_tick
                0x00000000080019ac      0x164 ./Core/Src/software_timer.o
                0x00000000080019ac                timer_tick
 .text.HAL_TIM_PeriodElapsedCallback
                0x0000000008001b10       0x26 ./Core/Src/software_timer.o
                0x0000000008001b10                HAL_TIM_PeriodElapsedCallback
 *fill*         0x0000000008001b36        0x2 
 .text.unit_test_software_timer
                0x0000000008001b38       0x30 ./Core/Src/software_timer.o
                0x0000000008001b38                unit_test_software_timer
 .text.HAL_MspInit
                0x0000000008001b68       0x64 ./Core/Src/stm32f1xx_hal_msp.o
                0x0000000008001b68                HAL_MspInit
 .text.HAL_TIM_Base_MspInit
                0x0000000008001bcc       0x48 ./Core/Src/stm32f1xx_hal_msp.o
                0x0000000008001bcc                HAL_TIM_Base_MspInit
 .text.NMI_Handler
                0x0000000008001c14        0x6 ./Core/Src/stm32f1xx_it.o
                0x0000000008001c14                NMI_Handler
 .text.HardFault_Handler
                0x0000000008001c1a        0x6 ./Core/Src/stm32f1xx_it.o
                0x0000000008001c1a                HardFault_Handler
 .text.MemManage_Handler
                0x0000000008001c20        0x6 ./Core/Src/stm32f1xx_it.o
                0x0000000008001c20                MemManage_Handler
 .text.BusFault_Handler
                0x0000000008001c26        0x6 ./Core/Src/stm32f1xx_it.o
                0x0000000008001c26                BusFault_Handler
 .text.UsageFault_Handler
                0x0000000008001c2c        0x6 ./Core/Src/stm32f1xx_it.o
                0x0000000008001c2c                UsageFault_Handler
 .text.SVC_Handler
                0x0000000008001c32        0xc ./Core/Src/stm32f1xx_it.o
                0x0000000008001c32                SVC_Handler
 .text.DebugMon_Handler
                0x0000000008001c3e        0xc ./Core/Src/stm32f1xx_it.o
                0x0000000008001c3e                DebugMon_Handler
 .text.PendSV_Handler
                0x0000000008001c4a        0xc ./Core/Src/stm32f1xx_it.o
                0x0000000008001c4a                PendSV_Handler
 .text.SysTick_Handler
                0x0000000008001c56        0xc ./Core/Src/stm32f1xx_it.o
                0x0000000008001c56                SysTick_Handler
 *fill*         0x0000000008001c62        0x2 
 .text.TIM2_IRQHandler
                0x0000000008001c64       0x14 ./Core/Src/stm32f1xx_it.o
                0x0000000008001c64                TIM2_IRQHandler
 .text._sbrk    0x0000000008001c78       0x6c ./Core/Src/sysmem.o
                0x0000000008001c78                _sbrk
 .text.SystemInit
                0x0000000008001ce4        0xc ./Core/Src/system_stm32f1xx.o
                0x0000000008001ce4                SystemInit
 .text.fsm_traffic
                0x0000000008001cf0       0xf6 ./Core/Src/traffic_light.o
                0x0000000008001cf0                fsm_traffic
 *fill*         0x0000000008001de6        0x2 
 .text.lit_red  0x0000000008001de8       0x60 ./Core/Src/traffic_light.o
                0x0000000008001de8                lit_red
 .text.lit_yellow
                0x0000000008001e48       0x60 ./Core/Src/traffic_light.o
                0x0000000008001e48                lit_yellow
 .text.lit_green
                0x0000000008001ea8       0x60 ./Core/Src/traffic_light.o
                0x0000000008001ea8                lit_green
 .text.Reset_Handler
                0x0000000008001f08       0x48 ./Core/Startup/startup_stm32f103c6tx.o
                0x0000000008001f08                Reset_Handler
 .text.Default_Handler
                0x0000000008001f50        0x2 ./Core/Startup/startup_stm32f103c6tx.o
                0x0000000008001f50                RTC_Alarm_IRQHandler
                0x0000000008001f50                EXTI2_IRQHandler
                0x0000000008001f50                TIM1_CC_IRQHandler
                0x0000000008001f50                PVD_IRQHandler
                0x0000000008001f50                EXTI3_IRQHandler
                0x0000000008001f50                EXTI0_IRQHandler
                0x0000000008001f50                ADC1_2_IRQHandler
                0x0000000008001f50                SPI1_IRQHandler
                0x0000000008001f50                TAMPER_IRQHandler
                0x0000000008001f50                DMA1_Channel4_IRQHandler
                0x0000000008001f50                RTC_IRQHandler
                0x0000000008001f50                DMA1_Channel7_IRQHandler
                0x0000000008001f50                CAN1_RX1_IRQHandler
                0x0000000008001f50                I2C1_EV_IRQHandler
                0x0000000008001f50                DMA1_Channel6_IRQHandler
                0x0000000008001f50                TIM3_IRQHandler
                0x0000000008001f50                RCC_IRQHandler
                0x0000000008001f50                TIM1_TRG_COM_IRQHandler
                0x0000000008001f50                DMA1_Channel1_IRQHandler
                0x0000000008001f50                Default_Handler
                0x0000000008001f50                EXTI15_10_IRQHandler
                0x0000000008001f50                EXTI9_5_IRQHandler
                0x0000000008001f50                DMA1_Channel5_IRQHandler
                0x0000000008001f50                EXTI4_IRQHandler
                0x0000000008001f50                USB_LP_CAN1_RX0_IRQHandler
                0x0000000008001f50                USB_HP_CAN1_TX_IRQHandler
                0x0000000008001f50                DMA1_Channel3_IRQHandler
                0x0000000008001f50                TIM1_UP_IRQHandler
                0x0000000008001f50                WWDG_IRQHandler
                0x0000000008001f50                TIM1_BRK_IRQHandler
                0x0000000008001f50                EXTI1_IRQHandler
                0x0000000008001f50                USART2_IRQHandler
                0x0000000008001f50                DMA1_Channel2_IRQHandler
                0x0000000008001f50                CAN1_SCE_IRQHandler
                0x0000000008001f50                FLASH_IRQHandler
                0x0000000008001f50                USART1_IRQHandler
                0x0000000008001f50                I2C1_ER_IRQHandler
                0x0000000008001f50                USBWakeUp_IRQHandler
 *fill*         0x0000000008001f52        0x2 
 .text.HAL_Init
                0x0000000008001f54       0x2c ./Drivers/STM32F1xx_HAL_Driver/Src/stm32f1xx_hal.o
                0x0000000008001f54                HAL_Init
 .text.HAL_InitTick
                0x0000000008001f80       0x60 ./Drivers/STM32F1xx_HAL_Driver/Src/stm32f1xx_hal.o
                0x0000000008001f80                HAL_InitTick
 .text.HAL_IncTick
                0x0000000008001fe0       0x24 ./Drivers/STM32F1xx_HAL_Driver/Src/stm32f1xx_hal.o
                0x0000000008001fe0                HAL_IncTick
 .text.HAL_GetTick
                0x0000000008002004       0x14 ./Drivers/STM32F1xx_HAL_Driver/Src/stm32f1xx_hal.o
                0x0000000008002004                HAL_GetTick
 .text.__NVIC_SetPriorityGrouping
                0x0000000008002018       0x48 ./Drivers/STM32F1xx_HAL_Driver/Src/stm32f1xx_hal_cortex.o
 .text.__NVIC_GetPriorityGrouping
                0x0000000008002060       0x1c ./Drivers/STM32F1xx_HAL_Driver/Src/stm32f1xx_hal_cortex.o
 .text.__NVIC_EnableIRQ
                0x000000000800207c       0x38 ./Drivers/STM32F1xx_HAL_Driver/Src/stm32f1xx_hal_cortex.o
 .text.__NVIC_SetPriority
                0x00000000080020b4       0x54 ./Drivers/STM32F1xx_HAL_Driver/Src/stm32f1xx_hal_cortex.o
 .text.NVIC_EncodePriority
                0x0000000008002108       0x64 ./Drivers/STM32F1xx_HAL_Driver/Src/stm32f1xx_hal_cortex.o
 .text.SysTick_Config
                0x000000000800216c       0x44 ./Drivers/STM32F1xx_HAL_Driver/Src/stm32f1xx_hal_cortex.o
 .text.HAL_NVIC_SetPriorityGrouping
                0x00000000080021b0       0x16 ./Drivers/STM32F1xx_HAL_Driver/Src/stm32f1xx_hal_cortex.o
                0x00000000080021b0                HAL_NVIC_SetPriorityGrouping
 .text.HAL_NVIC_SetPriority
                0x00000000080021c6       0x38 ./Drivers/STM32F1xx_HAL_Driver/Src/stm32f1xx_hal_cortex.o
                0x00000000080021c6                HAL_NVIC_SetPriority
 .text.HAL_NVIC_EnableIRQ
                0x00000000080021fe       0x1c ./Drivers/STM32F1xx_HAL_Driver/Src/stm32f1xx_hal_cortex.o
                0x00000000080021fe                HAL_NVIC_EnableIRQ
 .text.HAL_SYSTICK_Config
                0x000000000800221a       0x18 ./Drivers/STM32F1xx_HAL_Driver/Src/stm32f1xx_hal_cortex.o
                0x000000000800221a                HAL_SYSTICK_Config
 *fill*         0x0000000008002232        0x2 
 .text.HAL_GPIO_Init
                0x0000000008002234      0x2f4 ./Drivers/STM32F1xx_HAL_Driver/Src/stm32f1xx_hal_gpio.o
                0x0000000008002234                HAL_GPIO_Init
 .text.HAL_GPIO_ReadPin
                0x0000000008002528       0x2e ./Drivers/STM32F1xx_HAL_Driver/Src/stm32f1xx_hal_gpio.o
                0x0000000008002528                HAL_GPIO_ReadPin
 .text.HAL_GPIO_WritePin
                0x0000000008002556       0x30 ./Drivers/STM32F1xx_HAL_Driver/Src/stm32f1xx_hal_gpio.o
                0x0000000008002556                HAL_GPIO_WritePin
 .text.HAL_GPIO_TogglePin
                0x0000000008002586       0x32 ./Drivers/STM32F1xx_HAL_Driver/Src/stm32f1xx_hal_gpio.o
                0x0000000008002586                HAL_GPIO_TogglePin
 .text.HAL_RCC_OscConfig
                0x00000000080025b8      0x500 ./Drivers/STM32F1xx_HAL_Driver/Src/stm32f1xx_hal_rcc.o
                0x00000000080025b8                HAL_RCC_OscConfig
 .text.HAL_RCC_ClockConfig
                0x0000000008002ab8      0x1d4 ./Drivers/STM32F1xx_HAL_Driver/Src/stm32f1xx_hal_rcc.o
                0x0000000008002ab8                HAL_RCC_ClockConfig
 .text.HAL_RCC_GetSysClockFreq
                0x0000000008002c8c       0xa8 ./Drivers/STM32F1xx_HAL_Driver/Src/stm32f1xx_hal_rcc.o
                0x0000000008002c8c                HAL_RCC_GetSysClockFreq
 .text.RCC_Delay
                0x0000000008002d34       0x3c ./Drivers/STM32F1xx_HAL_Driver/Src/stm32f1xx_hal_rcc.o
 .text.HAL_TIM_Base_Init
                0x0000000008002d70       0x9e ./Drivers/STM32F1xx_HAL_Driver/Src/stm32f1xx_hal_tim.o
                0x0000000008002d70                HAL_TIM_Base_Init
 *fill*         0x0000000008002e0e        0x2 
 .text.HAL_TIM_Base_Start_IT
                0x0000000008002e10       0x98 ./Drivers/STM32F1xx_HAL_Driver/Src/stm32f1xx_hal_tim.o
                0x0000000008002e10                HAL_TIM_Base_Start_IT
 .text.HAL_TIM_IRQHandler
                0x0000000008002ea8      0x1e0 ./Drivers/STM32F1xx_HAL_Driver/Src/stm32f1xx_hal_tim.o
                0x0000000008002ea8                HAL_TIM_IRQHandler
 .text.HAL_TIM_ConfigClockSource
                0x0000000008003088      0x18e ./Drivers/STM32F1xx_HAL_Driver/Src/stm32f1xx_hal_tim.o
                0x0000000008003088                HAL_TIM_ConfigClockSource
 .text.HAL_TIM_OC_DelayElapsedCallback
                0x0000000008003216       0x12 ./Drivers/STM32F1xx_HAL_Driver/Src/stm32f1xx_hal_tim.o
                0x0000000008003216                HAL_TIM_OC_DelayElapsedCallback
 .text.HAL_TIM_IC_CaptureCallback
                0x0000000008003228       0x12 ./Drivers/STM32F1xx_HAL_Driver/Src/stm32f1xx_hal_tim.o
                0x0000000008003228                HAL_TIM_IC_CaptureCallback
 .text.HAL_TIM_PWM_PulseFinishedCallback
                0x000000000800323a       0x12 ./Drivers/STM32F1xx_HAL_Driver/Src/stm32f1xx_hal_tim.o
                0x000000000800323a                HAL_TIM_PWM_PulseFinishedCallback
 .text.HAL_TIM_TriggerCallback
                0x000000000800324c       0x12 ./Drivers/STM32F1xx_HAL_Driver/Src/stm32f1xx_hal_tim.o
                0x000000000800324c                HAL_TIM_TriggerCallback
 *fill*         0x000000000800325e        0x2 
 .text.TIM_Base_SetConfig
                0x0000000008003260       0xc8 ./Drivers/STM32F1xx_HAL_Driver/Src/stm32f1xx_hal_tim.o
                0x0000000008003260                TIM_Base_SetConfig
 .text.TIM_TI1_ConfigInputStage
                0x0000000008003328       0x5c ./Drivers/STM32F1xx_HAL_Driver/Src/stm32f1xx_hal_tim.o
 .text.TIM_TI2_ConfigInputStage
                0x0000000008003384       0x5e ./Drivers/STM32F1xx_HAL_Driver/Src/stm32f1xx_hal_tim.o
 .text.TIM_ITRx_SetConfig
                0x00000000080033e2       0x34 ./Drivers/STM32F1xx_HAL_Driver/Src/stm32f1xx_hal_tim.o
 .text.TIM_ETR_SetConfig
                0x0000000008003416       0x3e ./Drivers/STM32F1xx_HAL_Driver/Src/stm32f1xx_hal_tim.o
                0x0000000008003416                TIM_ETR_SetConfig
 .text.HAL_TIMEx_MasterConfigSynchronization
                0x0000000008003454       0xb0 ./Drivers/STM32F1xx_HAL_Driver/Src/stm32f1xx_hal_tim_ex.o
                0x0000000008003454                HAL_TIMEx_MasterConfigSynchronization
 .text.HAL_TIMEx_CommutCallback
                0x0000000008003504       0x12 ./Drivers/STM32F1xx_HAL_Driver/Src/stm32f1xx_hal_tim_ex.o
                0x0000000008003504                HAL_TIMEx_CommutCallback
 .text.HAL_TIMEx_BreakCallback
                0x0000000008003516       0x12 ./Drivers/STM32F1xx_HAL_Driver/Src/stm32f1xx_hal_tim_ex.o
                0x0000000008003516                HAL_TIMEx_BreakCallback
 .text.__errno  0x0000000008003528        0xc d:/app/stm32cubeide_1.7.0/stm32cubeide/plugins/com.st.stm32cube.ide.mcu.externaltools.gnu-tools-for-stm32.9-2020-q2-update.win32_2.0.0.202105311346/tools/bin/../lib/gcc/arm-none-eabi/9.3.1/../../../../arm-none-eabi/lib/thumb/v7-m/nofp\libc_nano.a(lib_a-errno.o)
                0x0000000008003528                __errno
 .text.__libc_init_array
                0x0000000008003534       0x48 d:/app/stm32cubeide_1.7.0/stm32cubeide/plugins/com.st.stm32cube.ide.mcu.externaltools.gnu-tools-for-stm32.9-2020-q2-update.win32_2.0.0.202105311346/tools/bin/../lib/gcc/arm-none-eabi/9.3.1/../../../../arm-none-eabi/lib/thumb/v7-m/nofp\libc_nano.a(lib_a-init.o)
                0x0000000008003534                __libc_init_array
 .text.malloc   0x000000000800357c       0x10 d:/app/stm32cubeide_1.7.0/stm32cubeide/plugins/com.st.stm32cube.ide.mcu.externaltools.gnu-tools-for-stm32.9-2020-q2-update.win32_2.0.0.202105311346/tools/bin/../lib/gcc/arm-none-eabi/9.3.1/../../../../arm-none-eabi/lib/thumb/v7-m/nofp\libc_nano.a(lib_a-malloc.o)
                0x000000000800357c                malloc
 .text.free     0x000000000800358c       0x10 d:/app/stm32cubeide_1.7.0/stm32cubeide/plugins/com.st.stm32cube.ide.mcu.externaltools.gnu-tools-for-stm32.9-2020-q2-update.win32_2.0.0.202105311346/tools/bin/../lib/gcc/arm-none-eabi/9.3.1/../../../../arm-none-eabi/lib/thumb/v7-m/nofp\libc_nano.a(lib_a-malloc.o)
                0x000000000800358c                free
 .text.memset   0x000000000800359c       0x10 d:/app/stm32cubeide_1.7.0/stm32cubeide/plugins/com.st.stm32cube.ide.mcu.externaltools.gnu-tools-for-stm32.9-2020-q2-update.win32_2.0.0.202105311346/tools/bin/../lib/gcc/arm-none-eabi/9.3.1/../../../../arm-none-eabi/lib/thumb/v7-m/nofp\libc_nano.a(lib_a-memset.o)
                0x000000000800359c                memset
 .text._free_r  0x00000000080035ac       0x98 d:/app/stm32cubeide_1.7.0/stm32cubeide/plugins/com.st.stm32cube.ide.mcu.externaltools.gnu-tools-for-stm32.9-2020-q2-update.win32_2.0.0.202105311346/tools/bin/../lib/gcc/arm-none-eabi/9.3.1/../../../../arm-none-eabi/lib/thumb/v7-m/nofp\libc_nano.a(lib_a-nano-freer.o)
                0x00000000080035ac                _free_r
 .text._malloc_r
                0x0000000008003644       0xb4 d:/app/stm32cubeide_1.7.0/stm32cubeide/plugins/com.st.stm32cube.ide.mcu.externaltools.gnu-tools-for-stm32.9-2020-q2-update.win32_2.0.0.202105311346/tools/bin/../lib/gcc/arm-none-eabi/9.3.1/../../../../arm-none-eabi/lib/thumb/v7-m/nofp\libc_nano.a(lib_a-nano-mallocr.o)
                0x0000000008003644                _malloc_r
 .text._sbrk_r  0x00000000080036f8       0x20 d:/app/stm32cubeide_1.7.0/stm32cubeide/plugins/com.st.stm32cube.ide.mcu.externaltools.gnu-tools-for-stm32.9-2020-q2-update.win32_2.0.0.202105311346/tools/bin/../lib/gcc/arm-none-eabi/9.3.1/../../../../arm-none-eabi/lib/thumb/v7-m/nofp\libc_nano.a(lib_a-sbrkr.o)
                0x00000000080036f8                _sbrk_r
 .text.__malloc_lock
                0x0000000008003718        0xc d:/app/stm32cubeide_1.7.0/stm32cubeide/plugins/com.st.stm32cube.ide.mcu.externaltools.gnu-tools-for-stm32.9-2020-q2-update.win32_2.0.0.202105311346/tools/bin/../lib/gcc/arm-none-eabi/9.3.1/../../../../arm-none-eabi/lib/thumb/v7-m/nofp\libc_nano.a(lib_a-mlock.o)
                0x0000000008003718                __malloc_lock
 .text.__malloc_unlock
                0x0000000008003724        0xc d:/app/stm32cubeide_1.7.0/stm32cubeide/plugins/com.st.stm32cube.ide.mcu.externaltools.gnu-tools-for-stm32.9-2020-q2-update.win32_2.0.0.202105311346/tools/bin/../lib/gcc/arm-none-eabi/9.3.1/../../../../arm-none-eabi/lib/thumb/v7-m/nofp\libc_nano.a(lib_a-mlock.o)
                0x0000000008003724                __malloc_unlock
 .text.__retarget_lock_acquire_recursive
                0x0000000008003730        0x2 d:/app/stm32cubeide_1.7.0/stm32cubeide/plugins/com.st.stm32cube.ide.mcu.externaltools.gnu-tools-for-stm32.9-2020-q2-update.win32_2.0.0.202105311346/tools/bin/../lib/gcc/arm-none-eabi/9.3.1/../../../../arm-none-eabi/lib/thumb/v7-m/nofp\libc_nano.a(lib_a-lock.o)
                0x0000000008003730                __retarget_lock_acquire_recursive
 .text.__retarget_lock_release_recursive
                0x0000000008003732        0x2 d:/app/stm32cubeide_1.7.0/stm32cubeide/plugins/com.st.stm32cube.ide.mcu.externaltools.gnu-tools-for-stm32.9-2020-q2-update.win32_2.0.0.202105311346/tools/bin/../lib/gcc/arm-none-eabi/9.3.1/../../../../arm-none-eabi/lib/thumb/v7-m/nofp\libc_nano.a(lib_a-lock.o)
                0x0000000008003732                __retarget_lock_release_recursive
 *(.glue_7)
 .glue_7        0x0000000008003734        0x0 linker stubs
 *(.glue_7t)
 .glue_7t       0x0000000008003734        0x0 linker stubs
 *(.eh_frame)
 .eh_frame      0x0000000008003734        0x0 d:/app/stm32cubeide_1.7.0/stm32cubeide/plugins/com.st.stm32cube.ide.mcu.externaltools.gnu-tools-for-stm32.9-2020-q2-update.win32_2.0.0.202105311346/tools/bin/../lib/gcc/arm-none-eabi/9.3.1/thumb/v7-m/nofp/crtbegin.o
 *(.init)
 .init          0x0000000008003734        0x4 d:/app/stm32cubeide_1.7.0/stm32cubeide/plugins/com.st.stm32cube.ide.mcu.externaltools.gnu-tools-for-stm32.9-2020-q2-update.win32_2.0.0.202105311346/tools/bin/../lib/gcc/arm-none-eabi/9.3.1/thumb/v7-m/nofp/crti.o
                0x0000000008003734                _init
 .init          0x0000000008003738        0x8 d:/app/stm32cubeide_1.7.0/stm32cubeide/plugins/com.st.stm32cube.ide.mcu.externaltools.gnu-tools-for-stm32.9-2020-q2-update.win32_2.0.0.202105311346/tools/bin/../lib/gcc/arm-none-eabi/9.3.1/thumb/v7-m/nofp/crtn.o
 *(.fini)
 .fini          0x0000000008003740        0x4 d:/app/stm32cubeide_1.7.0/stm32cubeide/plugins/com.st.stm32cube.ide.mcu.externaltools.gnu-tools-for-stm32.9-2020-q2-update.win32_2.0.0.202105311346/tools/bin/../lib/gcc/arm-none-eabi/9.3.1/thumb/v7-m/nofp/crti.o
                0x0000000008003740                _fini
 .fini          0x0000000008003744        0x8 d:/app/stm32cubeide_1.7.0/stm32cubeide/plugins/com.st.stm32cube.ide.mcu.externaltools.gnu-tools-for-stm32.9-2020-q2-update.win32_2.0.0.202105311346/tools/bin/../lib/gcc/arm-none-eabi/9.3.1/thumb/v7-m/nofp/crtn.o
                0x000000000800374c                . = ALIGN (0x4)
                0x000000000800374c                _etext = .

.vfp11_veneer   0x000000000800374c        0x0
 .vfp11_veneer  0x000000000800374c        0x0 linker stubs

.v4_bx          0x000000000800374c        0x0
 .v4_bx         0x000000000800374c        0x0 linker stubs

.iplt           0x000000000800374c        0x0
 .iplt          0x000000000800374c        0x0 d:/app/stm32cubeide_1.7.0/stm32cubeide/plugins/com.st.stm32cube.ide.mcu.externaltools.gnu-tools-for-stm32.9-2020-q2-update.win32_2.0.0.202105311346/tools/bin/../lib/gcc/arm-none-eabi/9.3.1/thumb/v7-m/nofp/crtbegin.o

.rodata         0x000000000800374c       0x24
                0x000000000800374c                . = ALIGN (0x4)
 *(.rodata)
 *(.rodata*)
 .rodata.AHBPrescTable
                0x000000000800374c       0x10 ./Core/Src/system_stm32f1xx.o
                0x000000000800374c                AHBPrescTable
 .rodata.aPLLMULFactorTable.6032
                0x000000000800375c       0x10 ./Drivers/STM32F1xx_HAL_Driver/Src/stm32f1xx_hal_rcc.o
 .rodata.aPredivFactorTable.6033
                0x000000000800376c        0x2 ./Drivers/STM32F1xx_HAL_Driver/Src/stm32f1xx_hal_rcc.o
                0x0000000008003770                . = ALIGN (0x4)
 *fill*         0x000000000800376e        0x2 

.rel.dyn        0x0000000008003770        0x0
 .rel.iplt      0x0000000008003770        0x0 d:/app/stm32cubeide_1.7.0/stm32cubeide/plugins/com.st.stm32cube.ide.mcu.externaltools.gnu-tools-for-stm32.9-2020-q2-update.win32_2.0.0.202105311346/tools/bin/../lib/gcc/arm-none-eabi/9.3.1/thumb/v7-m/nofp/crtbegin.o

.ARM.extab      0x0000000008003770        0x0
                0x0000000008003770                . = ALIGN (0x4)
 *(.ARM.extab* .gnu.linkonce.armextab.*)
                0x0000000008003770                . = ALIGN (0x4)

.ARM            0x0000000008003770        0x0
                0x0000000008003770                . = ALIGN (0x4)
                0x0000000008003770                __exidx_start = .
 *(.ARM.exidx*)
                0x0000000008003770                __exidx_end = .
                0x0000000008003770                . = ALIGN (0x4)

.preinit_array  0x0000000008003770        0x0
                0x0000000008003770                . = ALIGN (0x4)
                0x0000000008003770                PROVIDE (__preinit_array_start = .)
 *(.preinit_array*)
                0x0000000008003770                PROVIDE (__preinit_array_end = .)
                0x0000000008003770                . = ALIGN (0x4)

.init_array     0x0000000008003770        0x4
                0x0000000008003770                . = ALIGN (0x4)
                0x0000000008003770                PROVIDE (__init_array_start = .)
 *(SORT_BY_NAME(.init_array.*))
 *(.init_array*)
 .init_array    0x0000000008003770        0x4 d:/app/stm32cubeide_1.7.0/stm32cubeide/plugins/com.st.stm32cube.ide.mcu.externaltools.gnu-tools-for-stm32.9-2020-q2-update.win32_2.0.0.202105311346/tools/bin/../lib/gcc/arm-none-eabi/9.3.1/thumb/v7-m/nofp/crtbegin.o
                0x0000000008003774                PROVIDE (__init_array_end = .)
                0x0000000008003774                . = ALIGN (0x4)

.fini_array     0x0000000008003774        0x4
                0x0000000008003774                . = ALIGN (0x4)
                [!provide]                        PROVIDE (__fini_array_start = .)
 *(SORT_BY_NAME(.fini_array.*))
 *(.fini_array*)
 .fini_array    0x0000000008003774        0x4 d:/app/stm32cubeide_1.7.0/stm32cubeide/plugins/com.st.stm32cube.ide.mcu.externaltools.gnu-tools-for-stm32.9-2020-q2-update.win32_2.0.0.202105311346/tools/bin/../lib/gcc/arm-none-eabi/9.3.1/thumb/v7-m/nofp/crtbegin.o
                [!provide]                        PROVIDE (__fini_array_end = .)
                0x0000000008003778                . = ALIGN (0x4)
                0x0000000008003778                _sidata = LOADADDR (.data)

.data           0x0000000020000000       0xb4 load address 0x0000000008003778
                0x0000000020000000                . = ALIGN (0x4)
                0x0000000020000000                _sdata = .
 *(.data)
 *(.data*)
 .data.ports    0x0000000020000000       0x1c ./Core/Src/display7seg.o
                0x0000000020000000                ports
 .data.pins     0x000000002000001c        0xe ./Core/Src/display7seg.o
                0x000000002000001c                pins
 *fill*         0x000000002000002a        0x2 
 .data.main_traffic
                0x000000002000002c        0x8 ./Core/Src/global.o
                0x000000002000002c                main_traffic
 .data.side_traffic
                0x0000000020000034        0x8 ./Core/Src/global.o
                0x0000000020000034                side_traffic
 .data.buttonBuffer
                0x000000002000003c        0x3 ./Core/Src/input_reading.o
 *fill*         0x000000002000003f        0x1 
 .data.SystemCoreClock
                0x0000000020000040        0x4 ./Core/Src/system_stm32f1xx.o
                0x0000000020000040                SystemCoreClock
 .data.t_mode_side
                0x0000000020000044        0x1 ./Core/Src/traffic_light.o
                0x0000000020000044                t_mode_side
 *fill*         0x0000000020000045        0x3 
 .data.uwTickPrio
                0x0000000020000048        0x4 ./Drivers/STM32F1xx_HAL_Driver/Src/stm32f1xx_hal.o
                0x0000000020000048                uwTickPrio
 .data.uwTickFreq
                0x000000002000004c        0x1 ./Drivers/STM32F1xx_HAL_Driver/Src/stm32f1xx_hal.o
                0x000000002000004c                uwTickFreq
 *fill*         0x000000002000004d        0x3 
 .data._impure_ptr
                0x0000000020000050        0x4 d:/app/stm32cubeide_1.7.0/stm32cubeide/plugins/com.st.stm32cube.ide.mcu.externaltools.gnu-tools-for-stm32.9-2020-q2-update.win32_2.0.0.202105311346/tools/bin/../lib/gcc/arm-none-eabi/9.3.1/../../../../arm-none-eabi/lib/thumb/v7-m/nofp\libc_nano.a(lib_a-impure.o)
                0x0000000020000050                _impure_ptr
 .data.impure_data
                0x0000000020000054       0x60 d:/app/stm32cubeide_1.7.0/stm32cubeide/plugins/com.st.stm32cube.ide.mcu.externaltools.gnu-tools-for-stm32.9-2020-q2-update.win32_2.0.0.202105311346/tools/bin/../lib/gcc/arm-none-eabi/9.3.1/../../../../arm-none-eabi/lib/thumb/v7-m/nofp\libc_nano.a(lib_a-impure.o)
 *(.RamFunc)
 *(.RamFunc*)
                0x00000000200000b4                . = ALIGN (0x4)
                0x00000000200000b4                _edata = .

.igot.plt       0x00000000200000b4        0x0 load address 0x000000000800382c
 .igot.plt      0x00000000200000b4        0x0 d:/app/stm32cubeide_1.7.0/stm32cubeide/plugins/com.st.stm32cube.ide.mcu.externaltools.gnu-tools-for-stm32.9-2020-q2-update.win32_2.0.0.202105311346/tools/bin/../lib/gcc/arm-none-eabi/9.3.1/thumb/v7-m/nofp/crtbegin.o
                0x00000000200000b4                . = ALIGN (0x4)

.bss            0x00000000200000b4      0x424 load address 0x000000000800382c
                0x00000000200000b4                _sbss = .
                0x00000000200000b4                __bss_start__ = _sbss
 *(.bss)
 .bss           0x00000000200000b4       0x1c d:/app/stm32cubeide_1.7.0/stm32cubeide/plugins/com.st.stm32cube.ide.mcu.externaltools.gnu-tools-for-stm32.9-2020-q2-update.win32_2.0.0.202105311346/tools/bin/../lib/gcc/arm-none-eabi/9.3.1/thumb/v7-m/nofp/crtbegin.o
 *(.bss*)
 .bss.p_flag    0x00000000200000d0        0x4 ./Core/Src/global.o
                0x00000000200000d0                p_flag
 .bss.p_dur     0x00000000200000d4        0x4 ./Core/Src/global.o
                0x00000000200000d4                p_dur
 .bss.led_index
                0x00000000200000d8        0x1 ./Core/Src/global.o
                0x00000000200000d8                led_index
 .bss.m_mode    0x00000000200000d9        0x1 ./Core/Src/global.o
                0x00000000200000d9                m_mode
 .bss.Nmode     0x00000000200000da        0x1 ./Core/Src/input_processing.o
                0x00000000200000da                Nmode
 .bss.Cmode     0x00000000200000db        0x1 ./Core/Src/input_processing.o
                0x00000000200000db                Cmode
 .bss.test_button
                0x00000000200000dc        0x1 ./Core/Src/input_reading.o
                0x00000000200000dc                test_button
 *fill*         0x00000000200000dd        0x3 
 .bss.debounceButtonBuffer1
                0x00000000200000e0        0x3 ./Core/Src/input_reading.o
 *fill*         0x00000000200000e3        0x1 
 .bss.debounceButtonBuffer2
                0x00000000200000e4        0x3 ./Core/Src/input_reading.o
 *fill*         0x00000000200000e7        0x1 
 .bss.counterForButtonHold
                0x00000000200000e8        0x6 ./Core/Src/input_reading.o
 *fill*         0x00000000200000ee        0x2 
 .bss.counterForButtonRelease
                0x00000000200000f0        0x6 ./Core/Src/input_reading.o
 *fill*         0x00000000200000f6        0x2 
 .bss.initial_press
                0x00000000200000f8        0x3 ./Core/Src/input_reading.o
 .bss.currentTimerSlotWheel1
                0x00000000200000fb        0x1 ./Core/Src/software_timer.o
                0x00000000200000fb                currentTimerSlotWheel1
 .bss.currentTimerSlotWheel2
                0x00000000200000fc        0x1 ./Core/Src/software_timer.o
                0x00000000200000fc                currentTimerSlotWheel2
 *fill*         0x00000000200000fd        0x3 
 .bss.__sbrk_heap_end
                0x0000000020000100        0x4 ./Core/Src/sysmem.o
 .bss.t_mode_main
                0x0000000020000104        0x1 ./Core/Src/traffic_light.o
                0x0000000020000104                t_mode_main
 *fill*         0x0000000020000105        0x3 
 .bss.__malloc_free_list
                0x0000000020000108        0x4 d:/app/stm32cubeide_1.7.0/stm32cubeide/plugins/com.st.stm32cube.ide.mcu.externaltools.gnu-tools-for-stm32.9-2020-q2-update.win32_2.0.0.202105311346/tools/bin/../lib/gcc/arm-none-eabi/9.3.1/../../../../arm-none-eabi/lib/thumb/v7-m/nofp\libc_nano.a(lib_a-nano-mallocr.o)
                0x0000000020000108                __malloc_free_list
 .bss.__malloc_sbrk_start
                0x000000002000010c        0x4 d:/app/stm32cubeide_1.7.0/stm32cubeide/plugins/com.st.stm32cube.ide.mcu.externaltools.gnu-tools-for-stm32.9-2020-q2-update.win32_2.0.0.202105311346/tools/bin/../lib/gcc/arm-none-eabi/9.3.1/../../../../arm-none-eabi/lib/thumb/v7-m/nofp\libc_nano.a(lib_a-nano-mallocr.o)
                0x000000002000010c                __malloc_sbrk_start
 *(COMMON)
 COMMON         0x0000000020000110      0x36b ./Core/Src/display7seg.o
                0x0000000020000110                flagForButtonDoubleTap
                0x0000000020000114                led_counter
                0x0000000020000118                timerWheel1
                0x00000000200002a8                led_buffer
                0x00000000200002ac                timerWheel2
                0x0000000020000438                BUTTON
                0x000000002000043c                flagForButtonHold
                0x0000000020000440                timer_flag
                0x0000000020000448                flagForButtonPress
                0x000000002000044c                pin
                0x000000002000045c                port
                0x0000000020000478                flagForButtonTapHold
 *fill*         0x000000002000047b        0x1 
 COMMON         0x000000002000047c       0x48 ./Core/Src/main.o
                0x000000002000047c                htim2
 COMMON         0x00000000200004c4        0x4 ./Drivers/STM32F1xx_HAL_Driver/Src/stm32f1xx_hal.o
                0x00000000200004c4                uwTick
 COMMON         0x00000000200004c8        0x4 d:/app/stm32cubeide_1.7.0/stm32cubeide/plugins/com.st.stm32cube.ide.mcu.externaltools.gnu-tools-for-stm32.9-2020-q2-update.win32_2.0.0.202105311346/tools/bin/../lib/gcc/arm-none-eabi/9.3.1/../../../../arm-none-eabi/lib/thumb/v7-m/nofp\libc_nano.a(lib_a-reent.o)
                0x00000000200004c8                errno
 COMMON         0x00000000200004cc        0x9 d:/app/stm32cubeide_1.7.0/stm32cubeide/plugins/com.st.stm32cube.ide.mcu.externaltools.gnu-tools-for-stm32.9-2020-q2-update.win32_2.0.0.202105311346/tools/bin/../lib/gcc/arm-none-eabi/9.3.1/../../../../arm-none-eabi/lib/thumb/v7-m/nofp\libc_nano.a(lib_a-lock.o)
                0x00000000200004cc                __lock___atexit_recursive_mutex
                0x00000000200004cd                __lock___arc4random_mutex
                0x00000000200004ce                __lock___env_recursive_mutex
                0x00000000200004cf                __lock___sinit_recursive_mutex
                0x00000000200004d0                __lock___malloc_recursive_mutex
                0x00000000200004d1                __lock___at_quick_exit_mutex
                0x00000000200004d2                __lock___dd_hash_mutex
                0x00000000200004d3                __lock___tz_mutex
                0x00000000200004d4                __lock___sfp_recursive_mutex
                0x00000000200004d8                . = ALIGN (0x4)
 *fill*         0x00000000200004d5        0x3 
                0x00000000200004d8                _ebss = .
                0x00000000200004d8                __bss_end__ = _ebss

._user_heap_stack
                0x00000000200004d8      0x600 load address 0x000000000800382c
                0x00000000200004d8                . = ALIGN (0x8)
                [!provide]                        PROVIDE (end = .)
                0x00000000200004d8                PROVIDE (_end = .)
                0x00000000200006d8                . = (. + _Min_Heap_Size)
 *fill*         0x00000000200004d8      0x200 
                0x0000000020000ad8                . = (. + _Min_Stack_Size)
 *fill*         0x00000000200006d8      0x400 
                0x0000000020000ad8                . = ALIGN (0x8)

/DISCARD/
 libc.a(*)
 libm.a(*)
 libgcc.a(*)

.ARM.attributes
                0x0000000000000000       0x29
 *(.ARM.attributes)
 .ARM.attributes
                0x0000000000000000       0x1d d:/app/stm32cubeide_1.7.0/stm32cubeide/plugins/com.st.stm32cube.ide.mcu.externaltools.gnu-tools-for-stm32.9-2020-q2-update.win32_2.0.0.202105311346/tools/bin/../lib/gcc/arm-none-eabi/9.3.1/thumb/v7-m/nofp/crti.o
 .ARM.attributes
                0x000000000000001d       0x2d d:/app/stm32cubeide_1.7.0/stm32cubeide/plugins/com.st.stm32cube.ide.mcu.externaltools.gnu-tools-for-stm32.9-2020-q2-update.win32_2.0.0.202105311346/tools/bin/../lib/gcc/arm-none-eabi/9.3.1/thumb/v7-m/nofp/crtbegin.o
 .ARM.attributes
                0x000000000000004a       0x2d ./Core/Src/display7seg.o
 .ARM.attributes
                0x0000000000000077       0x2d ./Core/Src/fsm_run.o
 .ARM.attributes
                0x00000000000000a4       0x2d ./Core/Src/global.o
 .ARM.attributes
                0x00000000000000d1       0x2d ./Core/Src/input_processing.o
 .ARM.attributes
                0x00000000000000fe       0x2d ./Core/Src/input_reading.o
 .ARM.attributes
                0x000000000000012b       0x2d ./Core/Src/main.o
 .ARM.attributes
                0x0000000000000158       0x2d ./Core/Src/software_timer.o
 .ARM.attributes
                0x0000000000000185       0x2d ./Core/Src/stm32f1xx_hal_msp.o
 .ARM.attributes
                0x00000000000001b2       0x2d ./Core/Src/stm32f1xx_it.o
 .ARM.attributes
                0x00000000000001df       0x2d ./Core/Src/sysmem.o
 .ARM.attributes
                0x000000000000020c       0x2d ./Core/Src/system_stm32f1xx.o
 .ARM.attributes
                0x0000000000000239       0x2d ./Core/Src/traffic_light.o
 .ARM.attributes
                0x0000000000000266       0x21 ./Core/Startup/startup_stm32f103c6tx.o
 .ARM.attributes
                0x0000000000000287       0x2d ./Drivers/STM32F1xx_HAL_Driver/Src/stm32f1xx_hal.o
 .ARM.attributes
                0x00000000000002b4       0x2d ./Drivers/STM32F1xx_HAL_Driver/Src/stm32f1xx_hal_cortex.o
 .ARM.attributes
                0x00000000000002e1       0x2d ./Drivers/STM32F1xx_HAL_Driver/Src/stm32f1xx_hal_gpio.o
 .ARM.attributes
                0x000000000000030e       0x2d ./Drivers/STM32F1xx_HAL_Driver/Src/stm32f1xx_hal_rcc.o
 .ARM.attributes
                0x000000000000033b       0x2d ./Drivers/STM32F1xx_HAL_Driver/Src/stm32f1xx_hal_tim.o
 .ARM.attributes
                0x0000000000000368       0x2d ./Drivers/STM32F1xx_HAL_Driver/Src/stm32f1xx_hal_tim_ex.o
 .ARM.attributes
                0x0000000000000395       0x2d d:/app/stm32cubeide_1.7.0/stm32cubeide/plugins/com.st.stm32cube.ide.mcu.externaltools.gnu-tools-for-stm32.9-2020-q2-update.win32_2.0.0.202105311346/tools/bin/../lib/gcc/arm-none-eabi/9.3.1/../../../../arm-none-eabi/lib/thumb/v7-m/nofp\libc_nano.a(lib_a-errno.o)
 .ARM.attributes
                0x00000000000003c2       0x2d d:/app/stm32cubeide_1.7.0/stm32cubeide/plugins/com.st.stm32cube.ide.mcu.externaltools.gnu-tools-for-stm32.9-2020-q2-update.win32_2.0.0.202105311346/tools/bin/../lib/gcc/arm-none-eabi/9.3.1/../../../../arm-none-eabi/lib/thumb/v7-m/nofp\libc_nano.a(lib_a-impure.o)
 .ARM.attributes
                0x00000000000003ef       0x2d d:/app/stm32cubeide_1.7.0/stm32cubeide/plugins/com.st.stm32cube.ide.mcu.externaltools.gnu-tools-for-stm32.9-2020-q2-update.win32_2.0.0.202105311346/tools/bin/../lib/gcc/arm-none-eabi/9.3.1/../../../../arm-none-eabi/lib/thumb/v7-m/nofp\libc_nano.a(lib_a-init.o)
 .ARM.attributes
                0x000000000000041c       0x2d d:/app/stm32cubeide_1.7.0/stm32cubeide/plugins/com.st.stm32cube.ide.mcu.externaltools.gnu-tools-for-stm32.9-2020-q2-update.win32_2.0.0.202105311346/tools/bin/../lib/gcc/arm-none-eabi/9.3.1/../../../../arm-none-eabi/lib/thumb/v7-m/nofp\libc_nano.a(lib_a-malloc.o)
 .ARM.attributes
                0x0000000000000449       0x2d d:/app/stm32cubeide_1.7.0/stm32cubeide/plugins/com.st.stm32cube.ide.mcu.externaltools.gnu-tools-for-stm32.9-2020-q2-update.win32_2.0.0.202105311346/tools/bin/../lib/gcc/arm-none-eabi/9.3.1/../../../../arm-none-eabi/lib/thumb/v7-m/nofp\libc_nano.a(lib_a-memset.o)
 .ARM.attributes
                0x0000000000000476       0x2d d:/app/stm32cubeide_1.7.0/stm32cubeide/plugins/com.st.stm32cube.ide.mcu.externaltools.gnu-tools-for-stm32.9-2020-q2-update.win32_2.0.0.202105311346/tools/bin/../lib/gcc/arm-none-eabi/9.3.1/../../../../arm-none-eabi/lib/thumb/v7-m/nofp\libc_nano.a(lib_a-nano-freer.o)
 .ARM.attributes
                0x00000000000004a3       0x2d d:/app/stm32cubeide_1.7.0/stm32cubeide/plugins/com.st.stm32cube.ide.mcu.externaltools.gnu-tools-for-stm32.9-2020-q2-update.win32_2.0.0.202105311346/tools/bin/../lib/gcc/arm-none-eabi/9.3.1/../../../../arm-none-eabi/lib/thumb/v7-m/nofp\libc_nano.a(lib_a-nano-mallocr.o)
 .ARM.attributes
                0x00000000000004d0       0x2d d:/app/stm32cubeide_1.7.0/stm32cubeide/plugins/com.st.stm32cube.ide.mcu.externaltools.gnu-tools-for-stm32.9-2020-q2-update.win32_2.0.0.202105311346/tools/bin/../lib/gcc/arm-none-eabi/9.3.1/../../../../arm-none-eabi/lib/thumb/v7-m/nofp\libc_nano.a(lib_a-sbrkr.o)
 .ARM.attributes
                0x00000000000004fd       0x2d d:/app/stm32cubeide_1.7.0/stm32cubeide/plugins/com.st.stm32cube.ide.mcu.externaltools.gnu-tools-for-stm32.9-2020-q2-update.win32_2.0.0.202105311346/tools/bin/../lib/gcc/arm-none-eabi/9.3.1/../../../../arm-none-eabi/lib/thumb/v7-m/nofp\libc_nano.a(lib_a-mlock.o)
 .ARM.attributes
                0x000000000000052a       0x2d d:/app/stm32cubeide_1.7.0/stm32cubeide/plugins/com.st.stm32cube.ide.mcu.externaltools.gnu-tools-for-stm32.9-2020-q2-update.win32_2.0.0.202105311346/tools/bin/../lib/gcc/arm-none-eabi/9.3.1/../../../../arm-none-eabi/lib/thumb/v7-m/nofp\libc_nano.a(lib_a-reent.o)
 .ARM.attributes
                0x0000000000000557       0x2d d:/app/stm32cubeide_1.7.0/stm32cubeide/plugins/com.st.stm32cube.ide.mcu.externaltools.gnu-tools-for-stm32.9-2020-q2-update.win32_2.0.0.202105311346/tools/bin/../lib/gcc/arm-none-eabi/9.3.1/../../../../arm-none-eabi/lib/thumb/v7-m/nofp\libc_nano.a(lib_a-lock.o)
 .ARM.attributes
                0x0000000000000584       0x1d d:/app/stm32cubeide_1.7.0/stm32cubeide/plugins/com.st.stm32cube.ide.mcu.externaltools.gnu-tools-for-stm32.9-2020-q2-update.win32_2.0.0.202105311346/tools/bin/../lib/gcc/arm-none-eabi/9.3.1/thumb/v7-m/nofp/crtn.o
OUTPUT(STM32_lab3.elf elf32-littlearm)
LOAD linker stubs
LOAD d:/app/stm32cubeide_1.7.0/stm32cubeide/plugins/com.st.stm32cube.ide.mcu.externaltools.gnu-tools-for-stm32.9-2020-q2-update.win32_2.0.0.202105311346/tools/bin/../lib/gcc/arm-none-eabi/9.3.1/../../../../arm-none-eabi/lib/thumb/v7-m/nofp\libc.a
LOAD d:/app/stm32cubeide_1.7.0/stm32cubeide/plugins/com.st.stm32cube.ide.mcu.externaltools.gnu-tools-for-stm32.9-2020-q2-update.win32_2.0.0.202105311346/tools/bin/../lib/gcc/arm-none-eabi/9.3.1/../../../../arm-none-eabi/lib/thumb/v7-m/nofp\libm.a
LOAD d:/app/stm32cubeide_1.7.0/stm32cubeide/plugins/com.st.stm32cube.ide.mcu.externaltools.gnu-tools-for-stm32.9-2020-q2-update.win32_2.0.0.202105311346/tools/bin/../lib/gcc/arm-none-eabi/9.3.1/thumb/v7-m/nofp\libgcc.a

.debug_info     0x0000000000000000     0xd7c5
 .debug_info    0x0000000000000000      0x681 ./Core/Src/display7seg.o
 .debug_info    0x0000000000000681      0x8c9 ./Core/Src/fsm_run.o
 .debug_info    0x0000000000000f4a      0x432 ./Core/Src/global.o
 .debug_info    0x000000000000137c      0x765 ./Core/Src/input_processing.o
 .debug_info    0x0000000000001ae1      0xed0 ./Core/Src/input_reading.o
 .debug_info    0x00000000000029b1      0xfe1 ./Core/Src/main.o
 .debug_info    0x0000000000003992     0x147a ./Core/Src/software_timer.o
 .debug_info    0x0000000000004e0c      0xa09 ./Core/Src/stm32f1xx_hal_msp.o
 .debug_info    0x0000000000005815      0x7b9 ./Core/Src/stm32f1xx_it.o
 .debug_info    0x0000000000005fce      0xa25 ./Core/Src/sysmem.o
 .debug_info    0x00000000000069f3      0x2be ./Core/Src/system_stm32f1xx.o
 .debug_info    0x0000000000006cb1      0x6a3 ./Core/Src/traffic_light.o
 .debug_info    0x0000000000007354       0x22 ./Core/Startup/startup_stm32f103c6tx.o
 .debug_info    0x0000000000007376      0x74c ./Drivers/STM32F1xx_HAL_Driver/Src/stm32f1xx_hal.o
 .debug_info    0x0000000000007ac2      0xbbe ./Drivers/STM32F1xx_HAL_Driver/Src/stm32f1xx_hal_cortex.o
 .debug_info    0x0000000000008680      0x701 ./Drivers/STM32F1xx_HAL_Driver/Src/stm32f1xx_hal_gpio.o
 .debug_info    0x0000000000008d81      0x893 ./Drivers/STM32F1xx_HAL_Driver/Src/stm32f1xx_hal_rcc.o
 .debug_info    0x0000000000009614     0x2c32 ./Drivers/STM32F1xx_HAL_Driver/Src/stm32f1xx_hal_tim.o
 .debug_info    0x000000000000c246     0x157f ./Drivers/STM32F1xx_HAL_Driver/Src/stm32f1xx_hal_tim_ex.o

.debug_abbrev   0x0000000000000000     0x2410
 .debug_abbrev  0x0000000000000000      0x1d9 ./Core/Src/display7seg.o
 .debug_abbrev  0x00000000000001d9      0x1ca ./Core/Src/fsm_run.o
 .debug_abbrev  0x00000000000003a3      0x13c ./Core/Src/global.o
 .debug_abbrev  0x00000000000004df      0x1bb ./Core/Src/input_processing.o
 .debug_abbrev  0x000000000000069a      0x27a ./Core/Src/input_reading.o
 .debug_abbrev  0x0000000000000914      0x260 ./Core/Src/main.o
 .debug_abbrev  0x0000000000000b74      0x295 ./Core/Src/software_timer.o
 .debug_abbrev  0x0000000000000e09      0x1b7 ./Core/Src/stm32f1xx_hal_msp.o
 .debug_abbrev  0x0000000000000fc0      0x176 ./Core/Src/stm32f1xx_it.o
 .debug_abbrev  0x0000000000001136      0x1bf ./Core/Src/sysmem.o
 .debug_abbrev  0x00000000000012f5      0x14e ./Core/Src/system_stm32f1xx.o
 .debug_abbrev  0x0000000000001443      0x19c ./Core/Src/traffic_light.o
 .debug_abbrev  0x00000000000015df       0x12 ./Core/Startup/startup_stm32f103c6tx.o
 .debug_abbrev  0x00000000000015f1      0x1ed ./Drivers/STM32F1xx_HAL_Driver/Src/stm32f1xx_hal.o
 .debug_abbrev  0x00000000000017de      0x313 ./Drivers/STM32F1xx_HAL_Driver/Src/stm32f1xx_hal_cortex.o
 .debug_abbrev  0x0000000000001af1      0x1e8 ./Drivers/STM32F1xx_HAL_Driver/Src/stm32f1xx_hal_gpio.o
 .debug_abbrev  0x0000000000001cd9      0x273 ./Drivers/STM32F1xx_HAL_Driver/Src/stm32f1xx_hal_rcc.o
 .debug_abbrev  0x0000000000001f4c      0x25e ./Drivers/STM32F1xx_HAL_Driver/Src/stm32f1xx_hal_tim.o
 .debug_abbrev  0x00000000000021aa      0x266 ./Drivers/STM32F1xx_HAL_Driver/Src/stm32f1xx_hal_tim_ex.o

.debug_aranges  0x0000000000000000      0xac8
 .debug_aranges
                0x0000000000000000       0x40 ./Core/Src/display7seg.o
 .debug_aranges
                0x0000000000000040       0x28 ./Core/Src/fsm_run.o
 .debug_aranges
                0x0000000000000068       0x28 ./Core/Src/global.o
 .debug_aranges
                0x0000000000000090       0x38 ./Core/Src/input_processing.o
 .debug_aranges
                0x00000000000000c8       0x40 ./Core/Src/input_reading.o
 .debug_aranges
                0x0000000000000108       0x40 ./Core/Src/main.o
 .debug_aranges
                0x0000000000000148       0x40 ./Core/Src/software_timer.o
 .debug_aranges
                0x0000000000000188       0x30 ./Core/Src/stm32f1xx_hal_msp.o
 .debug_aranges
                0x00000000000001b8       0x68 ./Core/Src/stm32f1xx_it.o
 .debug_aranges
                0x0000000000000220       0x20 ./Core/Src/sysmem.o
 .debug_aranges
                0x0000000000000240       0x28 ./Core/Src/system_stm32f1xx.o
 .debug_aranges
                0x0000000000000268       0x38 ./Core/Src/traffic_light.o
 .debug_aranges
                0x00000000000002a0       0x28 ./Core/Startup/startup_stm32f103c6tx.o
 .debug_aranges
                0x00000000000002c8       0xe0 ./Drivers/STM32F1xx_HAL_Driver/Src/stm32f1xx_hal.o
 .debug_aranges
                0x00000000000003a8      0x100 ./Drivers/STM32F1xx_HAL_Driver/Src/stm32f1xx_hal_cortex.o
 .debug_aranges
                0x00000000000004a8       0x58 ./Drivers/STM32F1xx_HAL_Driver/Src/stm32f1xx_hal_gpio.o
 .debug_aranges
                0x0000000000000500       0x90 ./Drivers/STM32F1xx_HAL_Driver/Src/stm32f1xx_hal_rcc.o
 .debug_aranges
                0x0000000000000590      0x3d0 ./Drivers/STM32F1xx_HAL_Driver/Src/stm32f1xx_hal_tim.o
 .debug_aranges
                0x0000000000000960      0x168 ./Drivers/STM32F1xx_HAL_Driver/Src/stm32f1xx_hal_tim_ex.o

.debug_ranges   0x0000000000000000      0x9d0
 .debug_ranges  0x0000000000000000       0x30 ./Core/Src/display7seg.o
 .debug_ranges  0x0000000000000030       0x18 ./Core/Src/fsm_run.o
 .debug_ranges  0x0000000000000048       0x18 ./Core/Src/global.o
 .debug_ranges  0x0000000000000060       0x28 ./Core/Src/input_processing.o
 .debug_ranges  0x0000000000000088       0x30 ./Core/Src/input_reading.o
 .debug_ranges  0x00000000000000b8       0x30 ./Core/Src/main.o
 .debug_ranges  0x00000000000000e8       0x60 ./Core/Src/software_timer.o
 .debug_ranges  0x0000000000000148       0x20 ./Core/Src/stm32f1xx_hal_msp.o
 .debug_ranges  0x0000000000000168       0x58 ./Core/Src/stm32f1xx_it.o
 .debug_ranges  0x00000000000001c0       0x10 ./Core/Src/sysmem.o
 .debug_ranges  0x00000000000001d0       0x18 ./Core/Src/system_stm32f1xx.o
 .debug_ranges  0x00000000000001e8       0x28 ./Core/Src/traffic_light.o
 .debug_ranges  0x0000000000000210       0x20 ./Core/Startup/startup_stm32f103c6tx.o
 .debug_ranges  0x0000000000000230       0xd0 ./Drivers/STM32F1xx_HAL_Driver/Src/stm32f1xx_hal.o
 .debug_ranges  0x0000000000000300       0xf0 ./Drivers/STM32F1xx_HAL_Driver/Src/stm32f1xx_hal_cortex.o
 .debug_ranges  0x00000000000003f0       0x48 ./Drivers/STM32F1xx_HAL_Driver/Src/stm32f1xx_hal_gpio.o
 .debug_ranges  0x0000000000000438       0x80 ./Drivers/STM32F1xx_HAL_Driver/Src/stm32f1xx_hal_rcc.o
 .debug_ranges  0x00000000000004b8      0x3c0 ./Drivers/STM32F1xx_HAL_Driver/Src/stm32f1xx_hal_tim.o
 .debug_ranges  0x0000000000000878      0x158 ./Drivers/STM32F1xx_HAL_Driver/Src/stm32f1xx_hal_tim_ex.o

.debug_macro    0x0000000000000000    0x17d3c
 .debug_macro   0x0000000000000000      0x1ca ./Core/Src/display7seg.o
 .debug_macro   0x00000000000001ca      0xa9c ./Core/Src/display7seg.o
 .debug_macro   0x0000000000000c66      0x215 ./Core/Src/display7seg.o
 .debug_macro   0x0000000000000e7b       0x2e ./Core/Src/display7seg.o
 .debug_macro   0x0000000000000ea9       0x22 ./Core/Src/display7seg.o
 .debug_macro   0x0000000000000ecb       0x22 ./Core/Src/display7seg.o
 .debug_macro   0x0000000000000eed       0x8e ./Core/Src/display7seg.o
 .debug_macro   0x0000000000000f7b       0x51 ./Core/Src/display7seg.o
 .debug_macro   0x0000000000000fcc      0x103 ./Core/Src/display7seg.o
 .debug_macro   0x00000000000010cf       0x6a ./Core/Src/display7seg.o
 .debug_macro   0x0000000000001139      0x1df ./Core/Src/display7seg.o
 .debug_macro   0x0000000000001318       0x1c ./Core/Src/display7seg.o
 .debug_macro   0x0000000000001334       0x22 ./Core/Src/display7seg.o
 .debug_macro   0x0000000000001356       0xc3 ./Core/Src/display7seg.o
 .debug_macro   0x0000000000001419      0xd23 ./Core/Src/display7seg.o
 .debug_macro   0x000000000000213c     0xde75 ./Core/Src/display7seg.o
 .debug_macro   0x000000000000ffb1       0x6d ./Core/Src/display7seg.o
 .debug_macro   0x000000000001001e     0x34a2 ./Core/Src/display7seg.o
 .debug_macro   0x00000000000134c0      0x174 ./Core/Src/display7seg.o
 .debug_macro   0x0000000000013634       0x5c ./Core/Src/display7seg.o
 .debug_macro   0x0000000000013690      0x5bc ./Core/Src/display7seg.o
 .debug_macro   0x0000000000013c4c      0x1b7 ./Core/Src/display7seg.o
 .debug_macro   0x0000000000013e03      0x1cb ./Core/Src/display7seg.o
 .debug_macro   0x0000000000013fce      0x114 ./Core/Src/display7seg.o
 .debug_macro   0x00000000000140e2      0x1b2 ./Core/Src/display7seg.o
 .debug_macro   0x0000000000014294       0x27 ./Core/Src/display7seg.o
 .debug_macro   0x00000000000142bb      0x12f ./Core/Src/display7seg.o
 .debug_macro   0x00000000000143ea      0x1bc ./Core/Src/display7seg.o
 .debug_macro   0x00000000000145a6       0x34 ./Core/Src/display7seg.o
 .debug_macro   0x00000000000145da       0x3c ./Core/Src/display7seg.o
 .debug_macro   0x0000000000014616       0x57 ./Core/Src/display7seg.o
 .debug_macro   0x000000000001466d       0x87 ./Core/Src/display7seg.o
 .debug_macro   0x00000000000146f4      0x183 ./Core/Src/display7seg.o
 .debug_macro   0x0000000000014877      0x140 ./Core/Src/display7seg.o
 .debug_macro   0x00000000000149b7      0x8ed ./Core/Src/display7seg.o
 .debug_macro   0x00000000000152a4       0x69 ./Core/Src/display7seg.o
 .debug_macro   0x000000000001530d      0x124 ./Core/Src/display7seg.o
 .debug_macro   0x0000000000015431       0x34 ./Core/Src/display7seg.o
 .debug_macro   0x0000000000015465       0x1c ./Core/Src/display7seg.o
 .debug_macro   0x0000000000015481      0x206 ./Core/Src/fsm_run.o
 .debug_macro   0x0000000000015687      0x1af ./Core/Src/global.o
 .debug_macro   0x0000000000015836      0x1fa ./Core/Src/input_processing.o
 .debug_macro   0x0000000000015a30      0x2ba ./Core/Src/input_reading.o
 .debug_macro   0x0000000000015cea       0x52 ./Core/Src/input_reading.o
 .debug_macro   0x0000000000015d3c       0x18 ./Core/Src/input_reading.o
 .debug_macro   0x0000000000015d54       0x3c ./Core/Src/input_reading.o
 .debug_macro   0x0000000000015d90       0x34 ./Core/Src/input_reading.o
 .debug_macro   0x0000000000015dc4       0x16 ./Core/Src/input_reading.o
 .debug_macro   0x0000000000015dda       0x43 ./Core/Src/input_reading.o
 .debug_macro   0x0000000000015e1d       0x34 ./Core/Src/input_reading.o
 .debug_macro   0x0000000000015e51       0x10 ./Core/Src/input_reading.o
 .debug_macro   0x0000000000015e61       0x58 ./Core/Src/input_reading.o
 .debug_macro   0x0000000000015eb9       0x71 ./Core/Src/input_reading.o
 .debug_macro   0x0000000000015f2a       0x1c ./Core/Src/input_reading.o
 .debug_macro   0x0000000000015f46      0x12a ./Core/Src/input_reading.o
 .debug_macro   0x0000000000016070      0x333 ./Core/Src/input_reading.o
 .debug_macro   0x00000000000163a3       0x10 ./Core/Src/input_reading.o
 .debug_macro   0x00000000000163b3       0x35 ./Core/Src/input_reading.o
 .debug_macro   0x00000000000163e8       0x20 ./Core/Src/input_reading.o
 .debug_macro   0x0000000000016408      0x20c ./Core/Src/main.o
 .debug_macro   0x0000000000016614       0x16 ./Core/Src/main.o
 .debug_macro   0x000000000001662a      0x296 ./Core/Src/software_timer.o
 .debug_macro   0x00000000000168c0       0x16 ./Core/Src/software_timer.o
 .debug_macro   0x00000000000168d6       0x16 ./Core/Src/software_timer.o
 .debug_macro   0x00000000000168ec       0x29 ./Core/Src/software_timer.o
 .debug_macro   0x0000000000016915      0x1a6 ./Core/Src/stm32f1xx_hal_msp.o
 .debug_macro   0x0000000000016abb      0x1b0 ./Core/Src/stm32f1xx_it.o
 .debug_macro   0x0000000000016c6b       0xff ./Core/Src/sysmem.o
 .debug_macro   0x0000000000016d6a      0x23b ./Core/Src/sysmem.o
 .debug_macro   0x0000000000016fa5      0x197 ./Core/Src/system_stm32f1xx.o
 .debug_macro   0x000000000001713c      0x1d4 ./Core/Src/traffic_light.o
 .debug_macro   0x0000000000017310      0x1bb ./Drivers/STM32F1xx_HAL_Driver/Src/stm32f1xx_hal.o
 .debug_macro   0x00000000000174cb      0x197 ./Drivers/STM32F1xx_HAL_Driver/Src/stm32f1xx_hal_cortex.o
 .debug_macro   0x0000000000017662      0x202 ./Drivers/STM32F1xx_HAL_Driver/Src/stm32f1xx_hal_gpio.o
 .debug_macro   0x0000000000017864      0x1a9 ./Drivers/STM32F1xx_HAL_Driver/Src/stm32f1xx_hal_rcc.o
 .debug_macro   0x0000000000017a0d      0x198 ./Drivers/STM32F1xx_HAL_Driver/Src/stm32f1xx_hal_tim.o
 .debug_macro   0x0000000000017ba5      0x197 ./Drivers/STM32F1xx_HAL_Driver/Src/stm32f1xx_hal_tim_ex.o

.debug_line     0x0000000000000000     0xd4f8
 .debug_line    0x0000000000000000      0x841 ./Core/Src/display7seg.o
 .debug_line    0x0000000000000841      0x7bc ./Core/Src/fsm_run.o
 .debug_line    0x0000000000000ffd      0x692 ./Core/Src/global.o
 .debug_line    0x000000000000168f      0xa17 ./Core/Src/input_processing.o
 .debug_line    0x00000000000020a6      0xa61 ./Core/Src/input_reading.o
 .debug_line    0x0000000000002b07      0x7f6 ./Core/Src/main.o
 .debug_line    0x00000000000032fd      0x9ce ./Core/Src/software_timer.o
 .debug_line    0x0000000000003ccb      0x6a5 ./Core/Src/stm32f1xx_hal_msp.o
 .debug_line    0x0000000000004370      0x743 ./Core/Src/stm32f1xx_it.o
 .debug_line    0x0000000000004ab3      0x4fd ./Core/Src/sysmem.o
 .debug_line    0x0000000000004fb0      0x6e7 ./Core/Src/system_stm32f1xx.o
 .debug_line    0x0000000000005697      0x785 ./Core/Src/traffic_light.o
 .debug_line    0x0000000000005e1c       0x86 ./Core/Startup/startup_stm32f103c6tx.o
 .debug_line    0x0000000000005ea2      0x914 ./Drivers/STM32F1xx_HAL_Driver/Src/stm32f1xx_hal.o
 .debug_line    0x00000000000067b6      0xafc ./Drivers/STM32F1xx_HAL_Driver/Src/stm32f1xx_hal_cortex.o
 .debug_line    0x00000000000072b2      0x997 ./Drivers/STM32F1xx_HAL_Driver/Src/stm32f1xx_hal_gpio.o
 .debug_line    0x0000000000007c49      0xd20 ./Drivers/STM32F1xx_HAL_Driver/Src/stm32f1xx_hal_rcc.o
 .debug_line    0x0000000000008969     0x3365 ./Drivers/STM32F1xx_HAL_Driver/Src/stm32f1xx_hal_tim.o
 .debug_line    0x000000000000bcce     0x182a ./Drivers/STM32F1xx_HAL_Driver/Src/stm32f1xx_hal_tim_ex.o

.debug_str      0x0000000000000000    0x85f42
 .debug_str     0x0000000000000000    0x7fb0c ./Core/Src/display7seg.o
                                      0x7fe8d (size before relaxing)
 .debug_str     0x000000000007fb0c      0x14e ./Core/Src/fsm_run.o
                                      0x7ff94 (size before relaxing)
 .debug_str     0x000000000007fc5a       0x2b ./Core/Src/global.o
                                      0x7fd46 (size before relaxing)
 .debug_str     0x000000000007fc85       0x7d ./Core/Src/input_processing.o
                                      0x7ff7d (size before relaxing)
 .debug_str     0x000000000007fd02     0x32e1 ./Core/Src/input_reading.o
                                      0x8311e (size before relaxing)
 .debug_str     0x0000000000082fe3      0x6b7 ./Core/Src/main.o
                                      0x80664 (size before relaxing)
 .debug_str     0x000000000008369a      0x19a ./Core/Src/software_timer.o
                                      0x83553 (size before relaxing)
 .debug_str     0x0000000000083834      0x2b0 ./Core/Src/stm32f1xx_hal_msp.o
                                      0x8035e (size before relaxing)
 .debug_str     0x0000000000083ae4       0xcd ./Core/Src/stm32f1xx_it.o
                                      0x800c0 (size before relaxing)
 .debug_str     0x0000000000083bb1      0x4e9 ./Core/Src/sysmem.o
                                       0x6282 (size before relaxing)
 .debug_str     0x000000000008409a       0x52 ./Core/Src/system_stm32f1xx.o
                                      0x7f7a2 (size before relaxing)
 .debug_str     0x00000000000840ec       0x4a ./Core/Src/traffic_light.o
                                      0x7fe77 (size before relaxing)
 .debug_str     0x0000000000084136       0x36 ./Core/Startup/startup_stm32f103c6tx.o
                                         0x96 (size before relaxing)
 .debug_str     0x000000000008416c      0x304 ./Drivers/STM32F1xx_HAL_Driver/Src/stm32f1xx_hal.o
                                      0x7fdf9 (size before relaxing)
 .debug_str     0x0000000000084470      0x2a6 ./Drivers/STM32F1xx_HAL_Driver/Src/stm32f1xx_hal_cortex.o
                                      0x7fe01 (size before relaxing)
 .debug_str     0x0000000000084716      0x311 ./Drivers/STM32F1xx_HAL_Driver/Src/stm32f1xx_hal_gpio.o
                                      0x7fb66 (size before relaxing)
 .debug_str     0x0000000000084a27      0x24f ./Drivers/STM32F1xx_HAL_Driver/Src/stm32f1xx_hal_rcc.o
                                      0x7fb9f (size before relaxing)
 .debug_str     0x0000000000084c76      0xdde ./Drivers/STM32F1xx_HAL_Driver/Src/stm32f1xx_hal_tim.o
                                      0x80b88 (size before relaxing)
 .debug_str     0x0000000000085a54      0x4ee ./Drivers/STM32F1xx_HAL_Driver/Src/stm32f1xx_hal_tim_ex.o
                                      0x80329 (size before relaxing)

.comment        0x0000000000000000       0x53
 .comment       0x0000000000000000       0x53 ./Core/Src/display7seg.o
                                         0x54 (size before relaxing)
 .comment       0x0000000000000053       0x54 ./Core/Src/fsm_run.o
 .comment       0x0000000000000053       0x54 ./Core/Src/global.o
 .comment       0x0000000000000053       0x54 ./Core/Src/input_processing.o
 .comment       0x0000000000000053       0x54 ./Core/Src/input_reading.o
 .comment       0x0000000000000053       0x54 ./Core/Src/main.o
 .comment       0x0000000000000053       0x54 ./Core/Src/software_timer.o
 .comment       0x0000000000000053       0x54 ./Core/Src/stm32f1xx_hal_msp.o
 .comment       0x0000000000000053       0x54 ./Core/Src/stm32f1xx_it.o
 .comment       0x0000000000000053       0x54 ./Core/Src/sysmem.o
 .comment       0x0000000000000053       0x54 ./Core/Src/system_stm32f1xx.o
 .comment       0x0000000000000053       0x54 ./Core/Src/traffic_light.o
 .comment       0x0000000000000053       0x54 ./Drivers/STM32F1xx_HAL_Driver/Src/stm32f1xx_hal.o
 .comment       0x0000000000000053       0x54 ./Drivers/STM32F1xx_HAL_Driver/Src/stm32f1xx_hal_cortex.o
 .comment       0x0000000000000053       0x54 ./Drivers/STM32F1xx_HAL_Driver/Src/stm32f1xx_hal_gpio.o
 .comment       0x0000000000000053       0x54 ./Drivers/STM32F1xx_HAL_Driver/Src/stm32f1xx_hal_rcc.o
 .comment       0x0000000000000053       0x54 ./Drivers/STM32F1xx_HAL_Driver/Src/stm32f1xx_hal_tim.o
 .comment       0x0000000000000053       0x54 ./Drivers/STM32F1xx_HAL_Driver/Src/stm32f1xx_hal_tim_ex.o

.debug_frame    0x0000000000000000     0x2bf4
 .debug_frame   0x0000000000000000       0xbc ./Core/Src/display7seg.o
 .debug_frame   0x00000000000000bc       0x4c ./Core/Src/fsm_run.o
 .debug_frame   0x0000000000000108       0x58 ./Core/Src/global.o
 .debug_frame   0x0000000000000160       0x94 ./Core/Src/input_processing.o
 .debug_frame   0x00000000000001f4       0xb0 ./Core/Src/input_reading.o
 .debug_frame   0x00000000000002a4       0xb0 ./Core/Src/main.o
 .debug_frame   0x0000000000000354       0xbc ./Core/Src/software_timer.o
 .debug_frame   0x0000000000000410       0x80 ./Core/Src/stm32f1xx_hal_msp.o
 .debug_frame   0x0000000000000490      0x120 ./Core/Src/stm32f1xx_it.o
 .debug_frame   0x00000000000005b0       0x34 ./Core/Src/sysmem.o
 .debug_frame   0x00000000000005e4       0x58 ./Core/Src/system_stm32f1xx.o
 .debug_frame   0x000000000000063c       0xa0 ./Core/Src/traffic_light.o
 .debug_frame   0x00000000000006dc      0x334 ./Drivers/STM32F1xx_HAL_Driver/Src/stm32f1xx_hal.o
 .debug_frame   0x0000000000000a10      0x428 ./Drivers/STM32F1xx_HAL_Driver/Src/stm32f1xx_hal_cortex.o
 .debug_frame   0x0000000000000e38      0x14c ./Drivers/STM32F1xx_HAL_Driver/Src/stm32f1xx_hal_gpio.o
 .debug_frame   0x0000000000000f84      0x218 ./Drivers/STM32F1xx_HAL_Driver/Src/stm32f1xx_hal_rcc.o
 .debug_frame   0x000000000000119c     0x11b4 ./Drivers/STM32F1xx_HAL_Driver/Src/stm32f1xx_hal_tim.o
 .debug_frame   0x0000000000002350      0x638 ./Drivers/STM32F1xx_HAL_Driver/Src/stm32f1xx_hal_tim_ex.o
 .debug_frame   0x0000000000002988       0x20 d:/app/stm32cubeide_1.7.0/stm32cubeide/plugins/com.st.stm32cube.ide.mcu.externaltools.gnu-tools-for-stm32.9-2020-q2-update.win32_2.0.0.202105311346/tools/bin/../lib/gcc/arm-none-eabi/9.3.1/../../../../arm-none-eabi/lib/thumb/v7-m/nofp\libc_nano.a(lib_a-errno.o)
 .debug_frame   0x00000000000029a8       0x2c d:/app/stm32cubeide_1.7.0/stm32cubeide/plugins/com.st.stm32cube.ide.mcu.externaltools.gnu-tools-for-stm32.9-2020-q2-update.win32_2.0.0.202105311346/tools/bin/../lib/gcc/arm-none-eabi/9.3.1/../../../../arm-none-eabi/lib/thumb/v7-m/nofp\libc_nano.a(lib_a-init.o)
 .debug_frame   0x00000000000029d4       0x30 d:/app/stm32cubeide_1.7.0/stm32cubeide/plugins/com.st.stm32cube.ide.mcu.externaltools.gnu-tools-for-stm32.9-2020-q2-update.win32_2.0.0.202105311346/tools/bin/../lib/gcc/arm-none-eabi/9.3.1/../../../../arm-none-eabi/lib/thumb/v7-m/nofp\libc_nano.a(lib_a-malloc.o)
 .debug_frame   0x0000000000002a04       0x20 d:/app/stm32cubeide_1.7.0/stm32cubeide/plugins/com.st.stm32cube.ide.mcu.externaltools.gnu-tools-for-stm32.9-2020-q2-update.win32_2.0.0.202105311346/tools/bin/../lib/gcc/arm-none-eabi/9.3.1/../../../../arm-none-eabi/lib/thumb/v7-m/nofp\libc_nano.a(lib_a-memset.o)
 .debug_frame   0x0000000000002a24       0x38 d:/app/stm32cubeide_1.7.0/stm32cubeide/plugins/com.st.stm32cube.ide.mcu.externaltools.gnu-tools-for-stm32.9-2020-q2-update.win32_2.0.0.202105311346/tools/bin/../lib/gcc/arm-none-eabi/9.3.1/../../../../arm-none-eabi/lib/thumb/v7-m/nofp\libc_nano.a(lib_a-nano-freer.o)
 .debug_frame   0x0000000000002a5c       0x30 d:/app/stm32cubeide_1.7.0/stm32cubeide/plugins/com.st.stm32cube.ide.mcu.externaltools.gnu-tools-for-stm32.9-2020-q2-update.win32_2.0.0.202105311346/tools/bin/../lib/gcc/arm-none-eabi/9.3.1/../../../../arm-none-eabi/lib/thumb/v7-m/nofp\libc_nano.a(lib_a-nano-mallocr.o)
 .debug_frame   0x0000000000002a8c       0x2c d:/app/stm32cubeide_1.7.0/stm32cubeide/plugins/com.st.stm32cube.ide.mcu.externaltools.gnu-tools-for-stm32.9-2020-q2-update.win32_2.0.0.202105311346/tools/bin/../lib/gcc/arm-none-eabi/9.3.1/../../../../arm-none-eabi/lib/thumb/v7-m/nofp\libc_nano.a(lib_a-sbrkr.o)
 .debug_frame   0x0000000000002ab8       0x30 d:/app/stm32cubeide_1.7.0/stm32cubeide/plugins/com.st.stm32cube.ide.mcu.externaltools.gnu-tools-for-stm32.9-2020-q2-update.win32_2.0.0.202105311346/tools/bin/../lib/gcc/arm-none-eabi/9.3.1/../../../../arm-none-eabi/lib/thumb/v7-m/nofp\libc_nano.a(lib_a-mlock.o)
 .debug_frame   0x0000000000002ae8       0x5c d:/app/stm32cubeide_1.7.0/stm32cubeide/plugins/com.st.stm32cube.ide.mcu.externaltools.gnu-tools-for-stm32.9-2020-q2-update.win32_2.0.0.202105311346/tools/bin/../lib/gcc/arm-none-eabi/9.3.1/../../../../arm-none-eabi/lib/thumb/v7-m/nofp\libc_nano.a(lib_a-reent.o)
 .debug_frame   0x0000000000002b44       0xb0 d:/app/stm32cubeide_1.7.0/stm32cubeide/plugins/com.st.stm32cube.ide.mcu.externaltools.gnu-tools-for-stm32.9-2020-q2-update.win32_2.0.0.202105311346/tools/bin/../lib/gcc/arm-none-eabi/9.3.1/../../../../arm-none-eabi/lib/thumb/v7-m/nofp\libc_nano.a(lib_a-lock.o)
