Archive member included to satisfy reference by file (symbol)

d:/app/stm32cubeide_1.7.0/stm32cubeide/plugins/com.st.stm32cube.ide.mcu.externaltools.gnu-tools-for-stm32.9-2020-q2-update.win32_2.0.0.202105311346/tools/bin/../lib/gcc/arm-none-eabi/9.3.1/../../../../arm-none-eabi/lib/thumb/v7-m/nofp\libc_nano.a(lib_a-errno.o)
                              ./Core/Src/syscalls.o (__errno)
d:/app/stm32cubeide_1.7.0/stm32cubeide/plugins/com.st.stm32cube.ide.mcu.externaltools.gnu-tools-for-stm32.9-2020-q2-update.win32_2.0.0.202105311346/tools/bin/../lib/gcc/arm-none-eabi/9.3.1/../../../../arm-none-eabi/lib/thumb/v7-m/nofp\libc_nano.a(lib_a-exit.o)
                              d:/app/stm32cubeide_1.7.0/stm32cubeide/plugins/com.st.stm32cube.ide.mcu.externaltools.gnu-tools-for-stm32.9-2020-q2-update.win32_2.0.0.202105311346/tools/bin/../lib/gcc/arm-none-eabi/9.3.1/../../../../arm-none-eabi/lib/thumb/v7-m/nofp/crt0.o (exit)
d:/app/stm32cubeide_1.7.0/stm32cubeide/plugins/com.st.stm32cube.ide.mcu.externaltools.gnu-tools-for-stm32.9-2020-q2-update.win32_2.0.0.202105311346/tools/bin/../lib/gcc/arm-none-eabi/9.3.1/../../../../arm-none-eabi/lib/thumb/v7-m/nofp\libc_nano.a(lib_a-impure.o)
                              d:/app/stm32cubeide_1.7.0/stm32cubeide/plugins/com.st.stm32cube.ide.mcu.externaltools.gnu-tools-for-stm32.9-2020-q2-update.win32_2.0.0.202105311346/tools/bin/../lib/gcc/arm-none-eabi/9.3.1/../../../../arm-none-eabi/lib/thumb/v7-m/nofp\libc_nano.a(lib_a-exit.o) (_global_impure_ptr)
d:/app/stm32cubeide_1.7.0/stm32cubeide/plugins/com.st.stm32cube.ide.mcu.externaltools.gnu-tools-for-stm32.9-2020-q2-update.win32_2.0.0.202105311346/tools/bin/../lib/gcc/arm-none-eabi/9.3.1/../../../../arm-none-eabi/lib/thumb/v7-m/nofp\libc_nano.a(lib_a-init.o)
                              d:/app/stm32cubeide_1.7.0/stm32cubeide/plugins/com.st.stm32cube.ide.mcu.externaltools.gnu-tools-for-stm32.9-2020-q2-update.win32_2.0.0.202105311346/tools/bin/../lib/gcc/arm-none-eabi/9.3.1/../../../../arm-none-eabi/lib/thumb/v7-m/nofp/crt0.o (__libc_init_array)
d:/app/stm32cubeide_1.7.0/stm32cubeide/plugins/com.st.stm32cube.ide.mcu.externaltools.gnu-tools-for-stm32.9-2020-q2-update.win32_2.0.0.202105311346/tools/bin/../lib/gcc/arm-none-eabi/9.3.1/../../../../arm-none-eabi/lib/thumb/v7-m/nofp\libc_nano.a(lib_a-malloc.o)
                              ./Core/Src/Scheduler.o (malloc)
d:/app/stm32cubeide_1.7.0/stm32cubeide/plugins/com.st.stm32cube.ide.mcu.externaltools.gnu-tools-for-stm32.9-2020-q2-update.win32_2.0.0.202105311346/tools/bin/../lib/gcc/arm-none-eabi/9.3.1/../../../../arm-none-eabi/lib/thumb/v7-m/nofp\libc_nano.a(lib_a-memset.o)
                              d:/app/stm32cubeide_1.7.0/stm32cubeide/plugins/com.st.stm32cube.ide.mcu.externaltools.gnu-tools-for-stm32.9-2020-q2-update.win32_2.0.0.202105311346/tools/bin/../lib/gcc/arm-none-eabi/9.3.1/../../../../arm-none-eabi/lib/thumb/v7-m/nofp/crt0.o (memset)
d:/app/stm32cubeide_1.7.0/stm32cubeide/plugins/com.st.stm32cube.ide.mcu.externaltools.gnu-tools-for-stm32.9-2020-q2-update.win32_2.0.0.202105311346/tools/bin/../lib/gcc/arm-none-eabi/9.3.1/../../../../arm-none-eabi/lib/thumb/v7-m/nofp\libc_nano.a(lib_a-nano-freer.o)
                              d:/app/stm32cubeide_1.7.0/stm32cubeide/plugins/com.st.stm32cube.ide.mcu.externaltools.gnu-tools-for-stm32.9-2020-q2-update.win32_2.0.0.202105311346/tools/bin/../lib/gcc/arm-none-eabi/9.3.1/../../../../arm-none-eabi/lib/thumb/v7-m/nofp\libc_nano.a(lib_a-malloc.o) (_free_r)
d:/app/stm32cubeide_1.7.0/stm32cubeide/plugins/com.st.stm32cube.ide.mcu.externaltools.gnu-tools-for-stm32.9-2020-q2-update.win32_2.0.0.202105311346/tools/bin/../lib/gcc/arm-none-eabi/9.3.1/../../../../arm-none-eabi/lib/thumb/v7-m/nofp\libc_nano.a(lib_a-nano-mallocr.o)
                              d:/app/stm32cubeide_1.7.0/stm32cubeide/plugins/com.st.stm32cube.ide.mcu.externaltools.gnu-tools-for-stm32.9-2020-q2-update.win32_2.0.0.202105311346/tools/bin/../lib/gcc/arm-none-eabi/9.3.1/../../../../arm-none-eabi/lib/thumb/v7-m/nofp\libc_nano.a(lib_a-malloc.o) (_malloc_r)
d:/app/stm32cubeide_1.7.0/stm32cubeide/plugins/com.st.stm32cube.ide.mcu.externaltools.gnu-tools-for-stm32.9-2020-q2-update.win32_2.0.0.202105311346/tools/bin/../lib/gcc/arm-none-eabi/9.3.1/../../../../arm-none-eabi/lib/thumb/v7-m/nofp\libc_nano.a(lib_a-sbrkr.o)
                              d:/app/stm32cubeide_1.7.0/stm32cubeide/plugins/com.st.stm32cube.ide.mcu.externaltools.gnu-tools-for-stm32.9-2020-q2-update.win32_2.0.0.202105311346/tools/bin/../lib/gcc/arm-none-eabi/9.3.1/../../../../arm-none-eabi/lib/thumb/v7-m/nofp\libc_nano.a(lib_a-nano-mallocr.o) (_sbrk_r)
d:/app/stm32cubeide_1.7.0/stm32cubeide/plugins/com.st.stm32cube.ide.mcu.externaltools.gnu-tools-for-stm32.9-2020-q2-update.win32_2.0.0.202105311346/tools/bin/../lib/gcc/arm-none-eabi/9.3.1/../../../../arm-none-eabi/lib/thumb/v7-m/nofp\libc_nano.a(lib_a-mlock.o)
[...]
Memory Configuration

Name             Origin             Length             Attributes
RAM              0x0000000020000000 0x0000000000002800 xrw
FLASH            0x0000000008000000 0x0000000000008000 xr
*default*        0x0000000000000000 0xffffffffffffffff

Linker script and memory map

LOAD d:/app/stm32cubeide_1.7.0/stm32cubeide/plugins/com.st.stm32cube.ide.mcu.externaltools.gnu-tools-for-stm32.9-2020-q2-update.win32_2.0.0.202105311346/tools/bin/../lib/gcc/arm-none-eabi/9.3.1/thumb/v7-m/nofp/crti.o
LOAD d:/app/stm32cubeide_1.7.0/stm32cubeide/plugins/com.st.stm32cube.ide.mcu.externaltools.gnu-tools-for-stm32.9-2020-q2-update.win32_2.0.0.202105311346/tools/bin/../lib/gcc/arm-none-eabi/9.3.1/thumb/v7-m/nofp/crtbegin.o
LOAD d:/app/stm32cubeide_1.7.0/stm32cubeide/plugins/com.st.stm32cube.ide.mcu.externaltools.gnu-tools-for-stm32.9-2020-q2-update.win32_2.0.0.202105311346/tools/bin/../lib/gcc/arm-none-eabi/9.3.1/../../../../arm-none-eabi/lib/thumb/v7-m/nofp/crt0.o
LOAD ./Core/Src/SCH_Task.o
LOAD ./Core/Src/Scheduler.o
LOAD ./Core/Src/display7seg.o
LOAD ./Core/Src/fsm_input_driven.o
LOAD ./Core/Src/fsm_run.o
LOAD ./Core/Src/global.o
LOAD ./Core/Src/input_reading.o
LOAD ./Core/Src/main.o
LOAD ./Core/Src/software_timer.o
LOAD ./Core/Src/stm32f1xx_hal_msp.o
LOAD ./Core/Src/stm32f1xx_it.o
LOAD ./Core/Src/syscalls.o
LOAD ./Core/Src/sysmem.o
LOAD ./Core/Src/system_stm32f1xx.o
LOAD ./Core/Src/traffic_light.o
LOAD ./Core/Startup/startup_stm32f103c6tx.o
LOAD ./Drivers/STM32F1xx_HAL_Driver/Src/stm32f1xx_hal.o
LOAD ./Drivers/STM32F1xx_HAL_Driver/Src/stm32f1xx_hal_cortex.o
LOAD ./Drivers/STM32F1xx_HAL_Driver/Src/stm32f1xx_hal_dma.o
LOAD ./Drivers/STM32F1xx_HAL_Driver/Src/stm32f1xx_hal_exti.o
LOAD ./Drivers/STM32F1xx_HAL_Driver/Src/stm32f1xx_hal_flash.o
LOAD ./Drivers/STM32F1xx_HAL_Driver/Src/stm32f1xx_hal_flash_ex.o
LOAD ./Drivers/STM32F1xx_HAL_Driver/Src/stm32f1xx_hal_gpio.o
LOAD ./Drivers/STM32F1xx_HAL_Driver/Src/stm32f1xx_hal_gpio_ex.o
LOAD ./Drivers/STM32F1xx_HAL_Driver/Src/stm32f1xx_hal_iwdg.o
LOAD ./Drivers/STM32F1xx_HAL_Driver/Src/stm32f1xx_hal_pwr.o
LOAD ./Drivers/STM32F1xx_HAL_Driver/Src/stm32f1xx_hal_rcc.o
LOAD ./Drivers/STM32F1xx_HAL_Driver/Src/stm32f1xx_hal_rcc_ex.o
LOAD ./Drivers/STM32F1xx_HAL_Driver/Src/stm32f1xx_hal_tim.o
LOAD ./Drivers/STM32F1xx_HAL_Driver/Src/stm32f1xx_hal_tim_ex.o
START GROUP
LOAD d:/app/stm32cubeide_1.7.0/stm32cubeide/plugins/com.st.stm32cube.ide.mcu.externaltools.gnu-tools-for-stm32.9-2020-q2-update.win32_2.0.0.202105311346/tools/bin/../lib/gcc/arm-none-eabi/9.3.1/../../../../arm-none-eabi/lib/thumb/v7-m/nofp\libc_nano.a
LOAD d:/app/stm32cubeide_1.7.0/stm32cubeide/plugins/com.st.stm32cube.ide.mcu.externaltools.gnu-tools-for-stm32.9-2020-q2-update.win32_2.0.0.202105311346/tools/bin/../lib/gcc/arm-none-eabi/9.3.1/../../../../arm-none-eabi/lib/thumb/v7-m/nofp\libm.a
END GROUP
START GROUP
LOAD d:/app/stm32cubeide_1.7.0/stm32cubeide/plugins/com.st.stm32cube.ide.mcu.externaltools.gnu-tools-for-stm32.9-2020-q2-update.win32_2.0.0.202105311346/tools/bin/../lib/gcc/arm-none-eabi/9.3.1/thumb/v7-m/nofp\libgcc.a
LOAD d:/app/stm32cubeide_1.7.0/stm32cubeide/plugins/com.st.stm32cube.ide.mcu.externaltools.gnu-tools-for-stm32.9-2020-q2-update.win32_2.0.0.202105311346/tools/bin/../lib/gcc/arm-none-eabi/9.3.1/../../../../arm-none-eabi/lib/thumb/v7-m/nofp\libc_nano.a
END GROUP
START GROUP
LOAD d:/app/stm32cubeide_1.7.0/stm32cubeide/plugins/com.st.stm32cube.ide.mcu.externaltools.gnu-tools-for-stm32.9-2020-q2-update.win32_2.0.0.202105311346/tools/bin/../lib/gcc/arm-none-eabi/9.3.1/thumb/v7-m/nofp\libgcc.a
LOAD d:/app/stm32cubeide_1.7.0/stm32cubeide/plugins/com.st.stm32cube.ide.mcu.externaltools.gnu-tools-for-stm32.9-2020-q2-update.win32_2.0.0.202105311346/tools/bin/../lib/gcc/arm-none-eabi/9.3.1/../../../../arm-none-eabi/lib/thumb/v7-m/nofp\libc_nano.a
LOAD d:/app/stm32cubeide_1.7.0/stm32cubeide/plugins/com.st.stm32cube.ide.mcu.externaltools.gnu-tools-for-stm32.9-2020-q2-update.win32_2.0.0.202105311346/tools/bin/../lib/gcc/arm-none-eabi/9.3.1/../../../../arm-none-eabi/lib/thumb/v7-m/nofp\libnosys.a
END GROUP
START GROUP
LOAD d:/app/stm32cubeide_1.7.0/stm32cubeide/plugins/com.st.stm32cube.ide.mcu.externaltools.gnu-tools-for-stm32.9-2020-q2-update.win32_2.0.0.202105311346/tools/bin/../lib/gcc/arm-none-eabi/9.3.1/thumb/v7-m/nofp\libgcc.a
LOAD d:/app/stm32cubeide_1.7.0/stm32cubeide/plugins/com.st.stm32cube.ide.mcu.externaltools.gnu-tools-for-stm32.9-2020-q2-update.win32_2.0.0.202105311346/tools/bin/../lib/gcc/arm-none-eabi/9.3.1/../../../../arm-none-eabi/lib/thumb/v7-m/nofp\libc_nano.a
LOAD d:/app/stm32cubeide_1.7.0/stm32cubeide/plugins/com.st.stm32cube.ide.mcu.externaltools.gnu-tools-for-stm32.9-2020-q2-update.win32_2.0.0.202105311346/tools/bin/../lib/gcc/arm-none-eabi/9.3.1/../../../../arm-none-eabi/lib/thumb/v7-m/nofp\libnosys.a
END GROUP
LOAD d:/app/stm32cubeide_1.7.0/stm32cubeide/plugins/com.st.stm32cube.ide.mcu.externaltools.gnu-tools-for-stm32.9-2020-q2-update.win32_2.0.0.202105311346/tools/bin/../lib/gcc/arm-none-eabi/9.3.1/thumb/v7-m/nofp/crtend.o
LOAD d:/app/stm32cubeide_1.7.0/stm32cubeide/plugins/com.st.stm32cube.ide.mcu.externaltools.gnu-tools-for-stm32.9-2020-q2-update.win32_2.0.0.202105311346/tools/bin/../lib/gcc/arm-none-eabi/9.3.1/thumb/v7-m/nofp/crtn.o
                0x0000000020002800                _estack = (ORIGIN (RAM) + LENGTH (RAM))
                0x0000000000000200                _Min_Heap_Size = 0x200
                0x0000000000000400                _Min_Stack_Size = 0x400

.isr_vector     0x0000000008000000      0x10c
                0x0000000008000000                . = ALIGN (0x4)
 *(.isr_vector)
 .isr_vector    0x0000000008000000      0x10c ./Core/Startup/startup_stm32f103c6tx.o
                0x0000000008000000                g_pfnVectors
                0x000000000800010c                . = ALIGN (0x4)

.text           0x000000000800010c     0x35b0
                0x000000000800010c                . = ALIGN (0x4)
 *(.text)
 .text          0x000000000800010c       0x40 d:/app/stm32cubeide_1.7.0/stm32cubeide/plugins/com.st.stm32cube.ide.mcu.externaltools.gnu-tools-for-stm32.9-2020-q2-update.win32_2.0.0.202105311346/tools/bin/../lib/gcc/arm-none-eabi/9.3.1/thumb/v7-m/nofp/crtbegin.o
 *(.text*)
 .text.LedBlinky
                0x000000000800014c       0x18 ./Core/Src/SCH_Task.o
                0x000000000800014c                LedBlinky
 .text.timeCountDown
                0x0000000008000164       0x30 ./Core/Src/SCH_Task.o
                0x0000000008000164                timeCountDown
 .text.timeCountUpFast
                0x0000000008000194       0x30 ./Core/Src/SCH_Task.o
                0x0000000008000194                timeCountUpFast
 .text.timeCountDownFast
                0x00000000080001c4       0x30 ./Core/Src/SCH_Task.o
                0x00000000080001c4                timeCountDownFast
 .text.display7segment
                0x00000000080001f4       0x2c ./Core/Src/SCH_Task.o
                0x00000000080001f4                display7segment
 .text.toggleLedColor
                0x0000000008000220       0x68 ./Core/Src/SCH_Task.o
                0x0000000008000220                toggleLedColor
 .text.SCH_Init
                0x0000000008000288       0x50 ./Core/Src/Scheduler.o
                0x0000000008000288                SCH_Init
 .text.SCH_Update
                0x00000000080002d8       0x78 ./Core/Src/Scheduler.o
                0x00000000080002d8                SCH_Update
 .text.SCH_AddTask
                0x0000000008000350       0xe0 ./Core/Src/Scheduler.o
                0x0000000008000350                SCH_AddTask
 .text.SCH_Dispatch
                0x0000000008000430       0x70 ./Core/Src/Scheduler.o
                0x0000000008000430                SCH_Dispatch
 .text.SCH_DeleteTask
                0x00000000080004a0       0x8c ./Core/Src/Scheduler.o
                0x00000000080004a0                SCH_DeleteTask
 .text.SCH_GoSleep
                0x000000000800052c        0xe ./Core/Src/Scheduler.o
                0x000000000800052c                SCH_GoSleep
 *fill*         0x000000000800053a        0x2 
 .text.HAL_TIM_PeriodElapsedCallback
                0x000000000800053c       0x30 ./Core/Src/Scheduler.o
                0x000000000800053c                HAL_TIM_PeriodElapsedCallback
 .text.display7SEG
                0x000000000800056c      0x14c ./Core/Src/display7seg.o
                0x000000000800056c                display7SEG
 .text.update7SEG
                0x00000000080006b8      0x128 ./Core/Src/display7seg.o
                0x00000000080006b8                update7SEG
 .text.number7SEG
                0x00000000080007e0      0x5b0 ./Core/Src/display7seg.o
                0x00000000080007e0                number7SEG
 .text.fsm_input_driven_normal
                0x0000000008000d90      0x1d8 ./Core/Src/fsm_input_driven.o
                0x0000000008000d90                fsm_input_driven_normal
 .text.fsm_input_driven_config
                0x0000000008000f68      0x1f4 ./Core/Src/fsm_input_driven.o
                0x0000000008000f68                fsm_input_driven_config
 .text.flushLed
                0x000000000800115c       0x48 ./Core/Src/fsm_input_driven.o
                0x000000000800115c                flushLed
 .text.__NVIC_SystemReset
                0x00000000080011a4       0x2c ./Core/Src/fsm_run.o
 .text.fsm_run  0x00000000080011d0      0x244 ./Core/Src/fsm_run.o
                0x00000000080011d0                fsm_run
 .text.p_clockSet
                0x0000000008001414       0x38 ./Core/Src/global.o
                0x0000000008001414                p_clockSet
 .text.p_clockRun
                0x000000000800144c       0x2c ./Core/Src/global.o
                0x000000000800144c                p_clockRun
 .text.button_pin_read
                0x0000000008001478       0x54 ./Core/Src/input_reading.o
                0x0000000008001478                button_pin_read
 .text.button_reading
                0x00000000080014cc      0x26c ./Core/Src/input_reading.o
                0x00000000080014cc                button_reading
 .text.resetButtonFlag
                0x0000000008001738       0x40 ./Core/Src/input_reading.o
                0x0000000008001738                resetButtonFlag
 .text.unit_test_button_press
                0x0000000008001778       0x38 ./Core/Src/input_reading.o
                0x0000000008001778                unit_test_button_press
 .text.main     0x00000000080017b0       0x9c ./Core/Src/main.o
                0x00000000080017b0                main
 .text.SystemClock_Config
                0x000000000800184c       0x7e ./Core/Src/main.o
                0x000000000800184c                SystemClock_Config
 *fill*         0x00000000080018ca        0x2 
 .text.MX_IWDG_Init
                0x00000000080018cc       0x34 ./Core/Src/main.o
 .text.MX_TIM2_Init
                0x0000000008001900       0x98 ./Core/Src/main.o
 .text.MX_GPIO_Init
                0x0000000008001998       0xc0 ./Core/Src/main.o
 .text.Error_Handler
                0x0000000008001a58        0xa ./Core/Src/main.o
                0x0000000008001a58                Error_Handler
 *fill*         0x0000000008001a62        0x2 
 .text.HAL_MspInit
                0x0000000008001a64       0x64 ./Core/Src/stm32f1xx_hal_msp.o
                0x0000000008001a64                HAL_MspInit
 .text.HAL_TIM_Base_MspInit
                0x0000000008001ac8       0x48 ./Core/Src/stm32f1xx_hal_msp.o
                0x0000000008001ac8                HAL_TIM_Base_MspInit
 .text.NMI_Handler
                0x0000000008001b10        0x6 ./Core/Src/stm32f1xx_it.o
                0x0000000008001b10                NMI_Handler
 .text.HardFault_Handler
                0x0000000008001b16        0x6 ./Core/Src/stm32f1xx_it.o
                0x0000000008001b16                HardFault_Handler
 .text.MemManage_Handler
                0x0000000008001b1c        0x6 ./Core/Src/stm32f1xx_it.o
                0x0000000008001b1c                MemManage_Handler
 .text.BusFault_Handler
                0x0000000008001b22        0x6 ./Core/Src/stm32f1xx_it.o
                0x0000000008001b22                BusFault_Handler
 .text.UsageFault_Handler
                0x0000000008001b28        0x6 ./Core/Src/stm32f1xx_it.o
                0x0000000008001b28                UsageFault_Handler
 .text.SVC_Handler
                0x0000000008001b2e        0xc ./Core/Src/stm32f1xx_it.o
                0x0000000008001b2e                SVC_Handler
 .text.DebugMon_Handler
                0x0000000008001b3a        0xc ./Core/Src/stm32f1xx_it.o
                0x0000000008001b3a                DebugMon_Handler
 .text.PendSV_Handler
                0x0000000008001b46        0xc ./Core/Src/stm32f1xx_it.o
                0x0000000008001b46                PendSV_Handler
 .text.SysTick_Handler
                0x0000000008001b52        0xc ./Core/Src/stm32f1xx_it.o
                0x0000000008001b52                SysTick_Handler
 *fill*         0x0000000008001b5e        0x2 
 .text.TIM2_IRQHandler
                0x0000000008001b60       0x14 ./Core/Src/stm32f1xx_it.o
                0x0000000008001b60                TIM2_IRQHandler
 .text._sbrk    0x0000000008001b74       0x6c ./Core/Src/sysmem.o
                0x0000000008001b74                _sbrk
 .text.SystemInit
                0x0000000008001be0        0xc ./Core/Src/system_stm32f1xx.o
                0x0000000008001be0                SystemInit
 .text.fsm_traffic
                0x0000000008001bec       0xc4 ./Core/Src/traffic_light.o
                0x0000000008001bec                fsm_traffic
 .text.lit_red  0x0000000008001cb0       0x60 ./Core/Src/traffic_light.o
                0x0000000008001cb0                lit_red
 .text.lit_yellow
                0x0000000008001d10       0x60 ./Core/Src/traffic_light.o
                0x0000000008001d10                lit_yellow
 .text.lit_green
                0x0000000008001d70       0x60 ./Core/Src/traffic_light.o
                0x0000000008001d70                lit_green
 .text.Reset_Handler
                0x0000000008001dd0       0x48 ./Core/Startup/startup_stm32f103c6tx.o
                0x0000000008001dd0                Reset_Handler
 .text.Default_Handler
                0x0000000008001e18        0x2 ./Core/Startup/startup_stm32f103c6tx.o
                0x0000000008001e18                RTC_Alarm_IRQHandler
                0x0000000008001e18                EXTI2_IRQHandler
                0x0000000008001e18                TIM1_CC_IRQHandler
                0x0000000008001e18                PVD_IRQHandler
                0x0000000008001e18                EXTI3_IRQHandler
                0x0000000008001e18                EXTI0_IRQHandler
                0x0000000008001e18                ADC1_2_IRQHandler
                0x0000000008001e18                SPI1_IRQHandler
                0x0000000008001e18                TAMPER_IRQHandler
                0x0000000008001e18                DMA1_Channel4_IRQHandler
                0x0000000008001e18                RTC_IRQHandler
                0x0000000008001e18                DMA1_Channel7_IRQHandler
                0x0000000008001e18                CAN1_RX1_IRQHandler
                0x0000000008001e18                I2C1_EV_IRQHandler
                0x0000000008001e18                DMA1_Channel6_IRQHandler
                0x0000000008001e18                TIM3_IRQHandler
                0x0000000008001e18                RCC_IRQHandler
                0x0000000008001e18                TIM1_TRG_COM_IRQHandler
                0x0000000008001e18                DMA1_Channel1_IRQHandler
                0x0000000008001e18                Default_Handler
                0x0000000008001e18                EXTI15_10_IRQHandler
                0x0000000008001e18                EXTI9_5_IRQHandler
                0x0000000008001e18                DMA1_Channel5_IRQHandler
                0x0000000008001e18                EXTI4_IRQHandler
                0x0000000008001e18                USB_LP_CAN1_RX0_IRQHandler
                0x0000000008001e18                USB_HP_CAN1_TX_IRQHandler
                0x0000000008001e18                DMA1_Channel3_IRQHandler
                0x0000000008001e18                TIM1_UP_IRQHandler
                0x0000000008001e18                WWDG_IRQHandler
                0x0000000008001e18                TIM1_BRK_IRQHandler
                0x0000000008001e18                EXTI1_IRQHandler
                0x0000000008001e18                USART2_IRQHandler
                0x0000000008001e18                DMA1_Channel2_IRQHandler
                0x0000000008001e18                CAN1_SCE_IRQHandler
                0x0000000008001e18                FLASH_IRQHandler
                0x0000000008001e18                USART1_IRQHandler
                0x0000000008001e18                I2C1_ER_IRQHandler
                0x0000000008001e18                USBWakeUp_IRQHandler
 *fill*         0x0000000008001e1a        0x2 
 .text.HAL_Init
                0x0000000008001e1c       0x2c ./Drivers/STM32F1xx_HAL_Driver/Src/stm32f1xx_hal.o
                0x0000000008001e1c                HAL_Init
 .text.HAL_InitTick
                0x0000000008001e48       0x60 ./Drivers/STM32F1xx_HAL_Driver/Src/stm32f1xx_hal.o
                0x0000000008001e48                HAL_InitTick
 .text.HAL_IncTick
                0x0000000008001ea8       0x24 ./Drivers/STM32F1xx_HAL_Driver/Src/stm32f1xx_hal.o
                0x0000000008001ea8                HAL_IncTick
 .text.HAL_GetTick
                0x0000000008001ecc       0x14 ./Drivers/STM32F1xx_HAL_Driver/Src/stm32f1xx_hal.o
                0x0000000008001ecc                HAL_GetTick
 .text.__NVIC_SetPriorityGrouping
                0x0000000008001ee0       0x48 ./Drivers/STM32F1xx_HAL_Driver/Src/stm32f1xx_hal_cortex.o
 .text.__NVIC_GetPriorityGrouping
                0x0000000008001f28       0x1c ./Drivers/STM32F1xx_HAL_Driver/Src/stm32f1xx_hal_cortex.o
 .text.__NVIC_EnableIRQ
                0x0000000008001f44       0x38 ./Drivers/STM32F1xx_HAL_Driver/Src/stm32f1xx_hal_cortex.o
 .text.__NVIC_SetPriority
                0x0000000008001f7c       0x54 ./Drivers/STM32F1xx_HAL_Driver/Src/stm32f1xx_hal_cortex.o
 .text.NVIC_EncodePriority
                0x0000000008001fd0       0x64 ./Drivers/STM32F1xx_HAL_Driver/Src/stm32f1xx_hal_cortex.o
 .text.SysTick_Config
                0x0000000008002034       0x44 ./Drivers/STM32F1xx_HAL_Driver/Src/stm32f1xx_hal_cortex.o
 .text.HAL_NVIC_SetPriorityGrouping
                0x0000000008002078       0x16 ./Drivers/STM32F1xx_HAL_Driver/Src/stm32f1xx_hal_cortex.o
                0x0000000008002078                HAL_NVIC_SetPriorityGrouping
 .text.HAL_NVIC_SetPriority
                0x000000000800208e       0x38 ./Drivers/STM32F1xx_HAL_Driver/Src/stm32f1xx_hal_cortex.o
                0x000000000800208e                HAL_NVIC_SetPriority
 .text.HAL_NVIC_EnableIRQ
                0x00000000080020c6       0x1c ./Drivers/STM32F1xx_HAL_Driver/Src/stm32f1xx_hal_cortex.o
                0x00000000080020c6                HAL_NVIC_EnableIRQ
 .text.HAL_SYSTICK_Config
                0x00000000080020e2       0x18 ./Drivers/STM32F1xx_HAL_Driver/Src/stm32f1xx_hal_cortex.o
                0x00000000080020e2                HAL_SYSTICK_Config
 *fill*         0x00000000080020fa        0x2 
 .text.HAL_GPIO_Init
                0x00000000080020fc      0x2f4 ./Drivers/STM32F1xx_HAL_Driver/Src/stm32f1xx_hal_gpio.o
                0x00000000080020fc                HAL_GPIO_Init
 .text.HAL_GPIO_ReadPin
                0x00000000080023f0       0x2e ./Drivers/STM32F1xx_HAL_Driver/Src/stm32f1xx_hal_gpio.o
                0x00000000080023f0                HAL_GPIO_ReadPin
 .text.HAL_GPIO_WritePin
                0x000000000800241e       0x30 ./Drivers/STM32F1xx_HAL_Driver/Src/stm32f1xx_hal_gpio.o
                0x000000000800241e                HAL_GPIO_WritePin
 .text.HAL_GPIO_TogglePin
                0x000000000800244e       0x32 ./Drivers/STM32F1xx_HAL_Driver/Src/stm32f1xx_hal_gpio.o
                0x000000000800244e                HAL_GPIO_TogglePin
 .text.HAL_IWDG_Init
                0x0000000008002480       0x88 ./Drivers/STM32F1xx_HAL_Driver/Src/stm32f1xx_hal_iwdg.o
                0x0000000008002480                HAL_IWDG_Init
 .text.HAL_IWDG_Refresh
                0x0000000008002508       0x1e ./Drivers/STM32F1xx_HAL_Driver/Src/stm32f1xx_hal_iwdg.o
                0x0000000008002508                HAL_IWDG_Refresh
 *fill*         0x0000000008002526        0x2 
 .text.HAL_RCC_OscConfig
                0x0000000008002528      0x500 ./Drivers/STM32F1xx_HAL_Driver/Src/stm32f1xx_hal_rcc.o
                0x0000000008002528                HAL_RCC_OscConfig
 .text.HAL_RCC_ClockConfig
                0x0000000008002a28      0x1d4 ./Drivers/STM32F1xx_HAL_Driver/Src/stm32f1xx_hal_rcc.o
                0x0000000008002a28                HAL_RCC_ClockConfig
 .text.HAL_RCC_GetSysClockFreq
                0x0000000008002bfc       0xa8 ./Drivers/STM32F1xx_HAL_Driver/Src/stm32f1xx_hal_rcc.o
                0x0000000008002bfc                HAL_RCC_GetSysClockFreq
 .text.RCC_Delay
                0x0000000008002ca4       0x3c ./Drivers/STM32F1xx_HAL_Driver/Src/stm32f1xx_hal_rcc.o
 .text.HAL_TIM_Base_Init
                0x0000000008002ce0       0x9e ./Drivers/STM32F1xx_HAL_Driver/Src/stm32f1xx_hal_tim.o
                0x0000000008002ce0                HAL_TIM_Base_Init
 *fill*         0x0000000008002d7e        0x2 
 .text.HAL_TIM_Base_Start_IT
                0x0000000008002d80       0x98 ./Drivers/STM32F1xx_HAL_Driver/Src/stm32f1xx_hal_tim.o
                0x0000000008002d80                HAL_TIM_Base_Start_IT
 .text.HAL_TIM_IRQHandler
                0x0000000008002e18      0x1e0 ./Drivers/STM32F1xx_HAL_Driver/Src/stm32f1xx_hal_tim.o
                0x0000000008002e18                HAL_TIM_IRQHandler
 .text.HAL_TIM_ConfigClockSource
                0x0000000008002ff8      0x18e ./Drivers/STM32F1xx_HAL_Driver/Src/stm32f1xx_hal_tim.o
                0x0000000008002ff8                HAL_TIM_ConfigClockSource
 .text.HAL_TIM_OC_DelayElapsedCallback
                0x0000000008003186       0x12 ./Drivers/STM32F1xx_HAL_Driver/Src/stm32f1xx_hal_tim.o
                0x0000000008003186                HAL_TIM_OC_DelayElapsedCallback
 .text.HAL_TIM_IC_CaptureCallback
                0x0000000008003198       0x12 ./Drivers/STM32F1xx_HAL_Driver/Src/stm32f1xx_hal_tim.o
                0x0000000008003198                HAL_TIM_IC_CaptureCallback
 .text.HAL_TIM_PWM_PulseFinishedCallback
                0x00000000080031aa       0x12 ./Drivers/STM32F1xx_HAL_Driver/Src/stm32f1xx_hal_tim.o
                0x00000000080031aa                HAL_TIM_PWM_PulseFinishedCallback
 .text.HAL_TIM_TriggerCallback
                0x00000000080031bc       0x12 ./Drivers/STM32F1xx_HAL_Driver/Src/stm32f1xx_hal_tim.o
                0x00000000080031bc                HAL_TIM_TriggerCallback
 *fill*         0x00000000080031ce        0x2 
 .text.TIM_Base_SetConfig
                0x00000000080031d0       0xc8 ./Drivers/STM32F1xx_HAL_Driver/Src/stm32f1xx_hal_tim.o
                0x00000000080031d0                TIM_Base_SetConfig
 .text.TIM_TI1_ConfigInputStage
                0x0000000008003298       0x5c ./Drivers/STM32F1xx_HAL_Driver/Src/stm32f1xx_hal_tim.o
 .text.TIM_TI2_ConfigInputStage
                0x00000000080032f4       0x5e ./Drivers/STM32F1xx_HAL_Driver/Src/stm32f1xx_hal_tim.o
 .text.TIM_ITRx_SetConfig
                0x0000000008003352       0x34 ./Drivers/STM32F1xx_HAL_Driver/Src/stm32f1xx_hal_tim.o
 .text.TIM_ETR_SetConfig
                0x0000000008003386       0x3e ./Drivers/STM32F1xx_HAL_Driver/Src/stm32f1xx_hal_tim.o
                0x0000000008003386                TIM_ETR_SetConfig
 .text.HAL_TIMEx_MasterConfigSynchronization
                0x00000000080033c4       0xb0 ./Drivers/STM32F1xx_HAL_Driver/Src/stm32f1xx_hal_tim_ex.o
                0x00000000080033c4                HAL_TIMEx_MasterConfigSynchronization
 .text.HAL_TIMEx_CommutCallback
                0x0000000008003474       0x12 ./Drivers/STM32F1xx_HAL_Driver/Src/stm32f1xx_hal_tim_ex.o
                0x0000000008003474                HAL_TIMEx_CommutCallback
 .text.HAL_TIMEx_BreakCallback
                0x0000000008003486       0x12 ./Drivers/STM32F1xx_HAL_Driver/Src/stm32f1xx_hal_tim_ex.o
                0x0000000008003486                HAL_TIMEx_BreakCallback
 .text.__errno  0x0000000008003498        0xc d:/app/stm32cubeide_1.7.0/stm32cubeide/plugins/com.st.stm32cube.ide.mcu.externaltools.gnu-tools-for-stm32.9-2020-q2-update.win32_2.0.0.202105311346/tools/bin/../lib/gcc/arm-none-eabi/9.3.1/../../../../arm-none-eabi/lib/thumb/v7-m/nofp\libc_nano.a(lib_a-errno.o)
                0x0000000008003498                __errno
 .text.__libc_init_array
                0x00000000080034a4       0x48 d:/app/stm32cubeide_1.7.0/stm32cubeide/plugins/com.st.stm32cube.ide.mcu.externaltools.gnu-tools-for-stm32.9-2020-q2-update.win32_2.0.0.202105311346/tools/bin/../lib/gcc/arm-none-eabi/9.3.1/../../../../arm-none-eabi/lib/thumb/v7-m/nofp\libc_nano.a(lib_a-init.o)
                0x00000000080034a4                __libc_init_array
 .text.malloc   0x00000000080034ec       0x10 d:/app/stm32cubeide_1.7.0/stm32cubeide/plugins/com.st.stm32cube.ide.mcu.externaltools.gnu-tools-for-stm32.9-2020-q2-update.win32_2.0.0.202105311346/tools/bin/../lib/gcc/arm-none-eabi/9.3.1/../../../../arm-none-eabi/lib/thumb/v7-m/nofp\libc_nano.a(lib_a-malloc.o)
                0x00000000080034ec                malloc
 .text.free     0x00000000080034fc       0x10 d:/app/stm32cubeide_1.7.0/stm32cubeide/plugins/com.st.stm32cube.ide.mcu.externaltools.gnu-tools-for-stm32.9-2020-q2-update.win32_2.0.0.202105311346/tools/bin/../lib/gcc/arm-none-eabi/9.3.1/../../../../arm-none-eabi/lib/thumb/v7-m/nofp\libc_nano.a(lib_a-malloc.o)
                0x00000000080034fc                free
 .text.memset   0x000000000800350c       0x10 d:/app/stm32cubeide_1.7.0/stm32cubeide/plugins/com.st.stm32cube.ide.mcu.externaltools.gnu-tools-for-stm32.9-2020-q2-update.win32_2.0.0.202105311346/tools/bin/../lib/gcc/arm-none-eabi/9.3.1/../../../../arm-none-eabi/lib/thumb/v7-m/nofp\libc_nano.a(lib_a-memset.o)
                0x000000000800350c                memset
 .text._free_r  0x000000000800351c       0x98 d:/app/stm32cubeide_1.7.0/stm32cubeide/plugins/com.st.stm32cube.ide.mcu.externaltools.gnu-tools-for-stm32.9-2020-q2-update.win32_2.0.0.202105311346/tools/bin/../lib/gcc/arm-none-eabi/9.3.1/../../../../arm-none-eabi/lib/thumb/v7-m/nofp\libc_nano.a(lib_a-nano-freer.o)
                0x000000000800351c                _free_r
 .text._malloc_r
                0x00000000080035b4       0xb4 d:/app/stm32cubeide_1.7.0/stm32cubeide/plugins/com.st.stm32cube.ide.mcu.externaltools.gnu-tools-for-stm32.9-2020-q2-update.win32_2.0.0.202105311346/tools/bin/../lib/gcc/arm-none-eabi/9.3.1/../../../../arm-none-eabi/lib/thumb/v7-m/nofp\libc_nano.a(lib_a-nano-mallocr.o)
                0x00000000080035b4                _malloc_r
 .text._sbrk_r  0x0000000008003668       0x20 d:/app/stm32cubeide_1.7.0/stm32cubeide/plugins/com.st.stm32cube.ide.mcu.externaltools.gnu-tools-for-stm32.9-2020-q2-update.win32_2.0.0.202105311346/tools/bin/../lib/gcc/arm-none-eabi/9.3.1/../../../../arm-none-eabi/lib/thumb/v7-m/nofp\libc_nano.a(lib_a-sbrkr.o)
                0x0000000008003668                _sbrk_r
 .text.__malloc_lock
                0x0000000008003688        0xc d:/app/stm32cubeide_1.7.0/stm32cubeide/plugins/com.st.stm32cube.ide.mcu.externaltools.gnu-tools-for-stm32.9-2020-q2-update.win32_2.0.0.202105311346/tools/bin/../lib/gcc/arm-none-eabi/9.3.1/../../../../arm-none-eabi/lib/thumb/v7-m/nofp\libc_nano.a(lib_a-mlock.o)
                0x0000000008003688                __malloc_lock
 .text.__malloc_unlock
                0x0000000008003694        0xc d:/app/stm32cubeide_1.7.0/stm32cubeide/plugins/com.st.stm32cube.ide.mcu.externaltools.gnu-tools-for-stm32.9-2020-q2-update.win32_2.0.0.202105311346/tools/bin/../lib/gcc/arm-none-eabi/9.3.1/../../../../arm-none-eabi/lib/thumb/v7-m/nofp\libc_nano.a(lib_a-mlock.o)
                0x0000000008003694                __malloc_unlock
 .text.__retarget_lock_acquire_recursive
                0x00000000080036a0        0x2 d:/app/stm32cubeide_1.7.0/stm32cubeide/plugins/com.st.stm32cube.ide.mcu.externaltools.gnu-tools-for-stm32.9-2020-q2-update.win32_2.0.0.202105311346/tools/bin/../lib/gcc/arm-none-eabi/9.3.1/../../../../arm-none-eabi/lib/thumb/v7-m/nofp\libc_nano.a(lib_a-lock.o)
                0x00000000080036a0                __retarget_lock_acquire_recursive
 .text.__retarget_lock_release_recursive
                0x00000000080036a2        0x2 d:/app/stm32cubeide_1.7.0/stm32cubeide/plugins/com.st.stm32cube.ide.mcu.externaltools.gnu-tools-for-stm32.9-2020-q2-update.win32_2.0.0.202105311346/tools/bin/../lib/gcc/arm-none-eabi/9.3.1/../../../../arm-none-eabi/lib/thumb/v7-m/nofp\libc_nano.a(lib_a-lock.o)
                0x00000000080036a2                __retarget_lock_release_recursive
 *(.glue_7)
 .glue_7        0x00000000080036a4        0x0 linker stubs
 *(.glue_7t)
 .glue_7t       0x00000000080036a4        0x0 linker stubs
 *(.eh_frame)
 .eh_frame      0x00000000080036a4        0x0 d:/app/stm32cubeide_1.7.0/stm32cubeide/plugins/com.st.stm32cube.ide.mcu.externaltools.gnu-tools-for-stm32.9-2020-q2-update.win32_2.0.0.202105311346/tools/bin/../lib/gcc/arm-none-eabi/9.3.1/thumb/v7-m/nofp/crtbegin.o
 *(.init)
 .init          0x00000000080036a4        0x4 d:/app/stm32cubeide_1.7.0/stm32cubeide/plugins/com.st.stm32cube.ide.mcu.externaltools.gnu-tools-for-stm32.9-2020-q2-update.win32_2.0.0.202105311346/tools/bin/../lib/gcc/arm-none-eabi/9.3.1/thumb/v7-m/nofp/crti.o
                0x00000000080036a4                _init
 .init          0x00000000080036a8        0x8 d:/app/stm32cubeide_1.7.0/stm32cubeide/plugins/com.st.stm32cube.ide.mcu.externaltools.gnu-tools-for-stm32.9-2020-q2-update.win32_2.0.0.202105311346/tools/bin/../lib/gcc/arm-none-eabi/9.3.1/thumb/v7-m/nofp/crtn.o
 *(.fini)
 .fini          0x00000000080036b0        0x4 d:/app/stm32cubeide_1.7.0/stm32cubeide/plugins/com.st.stm32cube.ide.mcu.externaltools.gnu-tools-for-stm32.9-2020-q2-update.win32_2.0.0.202105311346/tools/bin/../lib/gcc/arm-none-eabi/9.3.1/thumb/v7-m/nofp/crti.o
                0x00000000080036b0                _fini
 .fini          0x00000000080036b4        0x8 d:/app/stm32cubeide_1.7.0/stm32cubeide/plugins/com.st.stm32cube.ide.mcu.externaltools.gnu-tools-for-stm32.9-2020-q2-update.win32_2.0.0.202105311346/tools/bin/../lib/gcc/arm-none-eabi/9.3.1/thumb/v7-m/nofp/crtn.o
                0x00000000080036bc                . = ALIGN (0x4)
                0x00000000080036bc                _etext = .

.vfp11_veneer   0x00000000080036bc        0x0
 .vfp11_veneer  0x00000000080036bc        0x0 linker stubs

.v4_bx          0x00000000080036bc        0x0
 .v4_bx         0x00000000080036bc        0x0 linker stubs

.iplt           0x00000000080036bc        0x0
 .iplt          0x00000000080036bc        0x0 d:/app/stm32cubeide_1.7.0/stm32cubeide/plugins/com.st.stm32cube.ide.mcu.externaltools.gnu-tools-for-stm32.9-2020-q2-update.win32_2.0.0.202105311346/tools/bin/../lib/gcc/arm-none-eabi/9.3.1/thumb/v7-m/nofp/crtbegin.o

.rodata         0x00000000080036bc       0x24
                0x00000000080036bc                . = ALIGN (0x4)
 *(.rodata)
 *(.rodata*)
 .rodata.AHBPrescTable
                0x00000000080036bc       0x10 ./Core/Src/system_stm32f1xx.o
                0x00000000080036bc                AHBPrescTable
 .rodata.aPLLMULFactorTable.6044
                0x00000000080036cc       0x10 ./Drivers/STM32F1xx_HAL_Driver/Src/stm32f1xx_hal_rcc.o
 .rodata.aPredivFactorTable.6045
                0x00000000080036dc        0x2 ./Drivers/STM32F1xx_HAL_Driver/Src/stm32f1xx_hal_rcc.o
                0x00000000080036e0                . = ALIGN (0x4)
 *fill*         0x00000000080036de        0x2 

.rel.dyn        0x00000000080036e0        0x0
 .rel.iplt      0x00000000080036e0        0x0 d:/app/stm32cubeide_1.7.0/stm32cubeide/plugins/com.st.stm32cube.ide.mcu.externaltools.gnu-tools-for-stm32.9-2020-q2-update.win32_2.0.0.202105311346/tools/bin/../lib/gcc/arm-none-eabi/9.3.1/thumb/v7-m/nofp/crtbegin.o

.ARM.extab      0x00000000080036e0        0x0
                0x00000000080036e0                . = ALIGN (0x4)
 *(.ARM.extab* .gnu.linkonce.armextab.*)
                0x00000000080036e0                . = ALIGN (0x4)

.ARM            0x00000000080036e0        0x0
                0x00000000080036e0                . = ALIGN (0x4)
                0x00000000080036e0                __exidx_start = .
 *(.ARM.exidx*)
                0x00000000080036e0                __exidx_end = .
                0x00000000080036e0                . = ALIGN (0x4)

.preinit_array  0x00000000080036e0        0x0
                0x00000000080036e0                . = ALIGN (0x4)
                0x00000000080036e0                PROVIDE (__preinit_array_start = .)
 *(.preinit_array*)
                0x00000000080036e0                PROVIDE (__preinit_array_end = .)
                0x00000000080036e0                . = ALIGN (0x4)

.init_array     0x00000000080036e0        0x4
                0x00000000080036e0                . = ALIGN (0x4)
                0x00000000080036e0                PROVIDE (__init_array_start = .)
 *(SORT_BY_NAME(.init_array.*))
 *(.init_array*)
 .init_array    0x00000000080036e0        0x4 d:/app/stm32cubeide_1.7.0/stm32cubeide/plugins/com.st.stm32cube.ide.mcu.externaltools.gnu-tools-for-stm32.9-2020-q2-update.win32_2.0.0.202105311346/tools/bin/../lib/gcc/arm-none-eabi/9.3.1/thumb/v7-m/nofp/crtbegin.o
                0x00000000080036e4                PROVIDE (__init_array_end = .)
                0x00000000080036e4                . = ALIGN (0x4)

.fini_array     0x00000000080036e4        0x4
                0x00000000080036e4                . = ALIGN (0x4)
                [!provide]                        PROVIDE (__fini_array_start = .)
 *(SORT_BY_NAME(.fini_array.*))
 *(.fini_array*)
 .fini_array    0x00000000080036e4        0x4 d:/app/stm32cubeide_1.7.0/stm32cubeide/plugins/com.st.stm32cube.ide.mcu.externaltools.gnu-tools-for-stm32.9-2020-q2-update.win32_2.0.0.202105311346/tools/bin/../lib/gcc/arm-none-eabi/9.3.1/thumb/v7-m/nofp/crtbegin.o
                [!provide]                        PROVIDE (__fini_array_end = .)
                0x00000000080036e8                . = ALIGN (0x4)
                0x00000000080036e8                _sidata = LOADADDR (.data)

.data           0x0000000020000000       0xb8 load address 0x00000000080036e8
                0x0000000020000000                . = ALIGN (0x4)
                0x0000000020000000                _sdata = .
 *(.data)
 *(.data*)
 .data.ports    0x0000000020000000       0x1c ./Core/Src/display7seg.o
                0x0000000020000000                ports
 .data.pins     0x000000002000001c        0xe ./Core/Src/display7seg.o
                0x000000002000001c                pins
 .data.fsm_input_driven_normal_StateChange
                0x000000002000002a        0x1 ./Core/Src/fsm_input_driven.o
                0x000000002000002a                fsm_input_driven_normal_StateChange
 .data.fsm_input_driven_config_StateChange
                0x000000002000002b        0x1 ./Core/Src/fsm_input_driven.o
                0x000000002000002b                fsm_input_driven_config_StateChange
 .data.fsm_run_StateChange
                0x000000002000002c        0x1 ./Core/Src/fsm_run.o
                0x000000002000002c                fsm_run_StateChange
 *fill*         0x000000002000002d        0x3 
 .data.main_traffic
                0x0000000020000030        0x8 ./Core/Src/global.o
                0x0000000020000030                main_traffic
 .data.side_traffic
                0x0000000020000038        0x8 ./Core/Src/global.o
                0x0000000020000038                side_traffic
 .data.buttonBuffer
                0x0000000020000040        0x3 ./Core/Src/input_reading.o
 *fill*         0x0000000020000043        0x1 
 .data.SystemCoreClock
                0x0000000020000044        0x4 ./Core/Src/system_stm32f1xx.o
                0x0000000020000044                SystemCoreClock
 .data.t_mode_side
                0x0000000020000048        0x1 ./Core/Src/traffic_light.o
                0x0000000020000048                t_mode_side
 *fill*         0x0000000020000049        0x3 
 .data.uwTickPrio
                0x000000002000004c        0x4 ./Drivers/STM32F1xx_HAL_Driver/Src/stm32f1xx_hal.o
                0x000000002000004c                uwTickPrio
 .data.uwTickFreq
                0x0000000020000050        0x1 ./Drivers/STM32F1xx_HAL_Driver/Src/stm32f1xx_hal.o
                0x0000000020000050                uwTickFreq
 *fill*         0x0000000020000051        0x3 
 .data._impure_ptr
                0x0000000020000054        0x4 d:/app/stm32cubeide_1.7.0/stm32cubeide/plugins/com.st.stm32cube.ide.mcu.externaltools.gnu-tools-for-stm32.9-2020-q2-update.win32_2.0.0.202105311346/tools/bin/../lib/gcc/arm-none-eabi/9.3.1/../../../../arm-none-eabi/lib/thumb/v7-m/nofp\libc_nano.a(lib_a-impure.o)
                0x0000000020000054                _impure_ptr
 .data.impure_data
                0x0000000020000058       0x60 d:/app/stm32cubeide_1.7.0/stm32cubeide/plugins/com.st.stm32cube.ide.mcu.externaltools.gnu-tools-for-stm32.9-2020-q2-update.win32_2.0.0.202105311346/tools/bin/../lib/gcc/arm-none-eabi/9.3.1/../../../../arm-none-eabi/lib/thumb/v7-m/nofp\libc_nano.a(lib_a-impure.o)
 *(.RamFunc)
 *(.RamFunc*)
                0x00000000200000b8                . = ALIGN (0x4)
                0x00000000200000b8                _edata = .

.igot.plt       0x00000000200000b8        0x0 load address 0x00000000080037a0
 .igot.plt      0x00000000200000b8        0x0 d:/app/stm32cubeide_1.7.0/stm32cubeide/plugins/com.st.stm32cube.ide.mcu.externaltools.gnu-tools-for-stm32.9-2020-q2-update.win32_2.0.0.202105311346/tools/bin/../lib/gcc/arm-none-eabi/9.3.1/thumb/v7-m/nofp/crtbegin.o
                0x00000000200000b8                . = ALIGN (0x4)

.bss            0x00000000200000b8      0x128 load address 0x00000000080037a0
                0x00000000200000b8                _sbss = .
                0x00000000200000b8                __bss_start__ = _sbss
 *(.bss)
 .bss           0x00000000200000b8       0x1c d:/app/stm32cubeide_1.7.0/stm32cubeide/plugins/com.st.stm32cube.ide.mcu.externaltools.gnu-tools-for-stm32.9-2020-q2-update.win32_2.0.0.202105311346/tools/bin/../lib/gcc/arm-none-eabi/9.3.1/thumb/v7-m/nofp/crtbegin.o
 *(.bss*)
 .bss.Nmode     0x00000000200000d4        0x1 ./Core/Src/fsm_input_driven.o
                0x00000000200000d4                Nmode
 .bss.Cmode     0x00000000200000d5        0x1 ./Core/Src/fsm_input_driven.o
                0x00000000200000d5                Cmode
 *fill*         0x00000000200000d6        0x2 
 .bss.p_flag    0x00000000200000d8        0x4 ./Core/Src/global.o
                0x00000000200000d8                p_flag
 .bss.p_dur     0x00000000200000dc        0x4 ./Core/Src/global.o
                0x00000000200000dc                p_dur
 .bss.led_index
                0x00000000200000e0        0x1 ./Core/Src/global.o
                0x00000000200000e0                led_index
 .bss.m_mode    0x00000000200000e1        0x1 ./Core/Src/global.o
                0x00000000200000e1                m_mode
 .bss.test_button
                0x00000000200000e2        0x1 ./Core/Src/input_reading.o
                0x00000000200000e2                test_button
 *fill*         0x00000000200000e3        0x1 
 .bss.debounceButtonBuffer1
                0x00000000200000e4        0x3 ./Core/Src/input_reading.o
 *fill*         0x00000000200000e7        0x1 
 .bss.debounceButtonBuffer2
                0x00000000200000e8        0x3 ./Core/Src/input_reading.o
 *fill*         0x00000000200000eb        0x1 
 .bss.counterForButtonHold
                0x00000000200000ec        0x6 ./Core/Src/input_reading.o
 *fill*         0x00000000200000f2        0x2 
 .bss.counterForButtonRelease
                0x00000000200000f4        0x6 ./Core/Src/input_reading.o
 *fill*         0x00000000200000fa        0x2 
 .bss.initial_press
                0x00000000200000fc        0x3 ./Core/Src/input_reading.o
 *fill*         0x00000000200000ff        0x1 
 .bss.__sbrk_heap_end
                0x0000000020000100        0x4 ./Core/Src/sysmem.o
 .bss.t_mode_main
                0x0000000020000104        0x1 ./Core/Src/traffic_light.o
                0x0000000020000104                t_mode_main
 *fill*         0x0000000020000105        0x3 
 .bss.__malloc_free_list
                0x0000000020000108        0x4 d:/app/stm32cubeide_1.7.0/stm32cubeide/plugins/com.st.stm32cube.ide.mcu.externaltools.gnu-tools-for-stm32.9-2020-q2-update.win32_2.0.0.202105311346/tools/bin/../lib/gcc/arm-none-eabi/9.3.1/../../../../arm-none-eabi/lib/thumb/v7-m/nofp\libc_nano.a(lib_a-nano-mallocr.o)
                0x0000000020000108                __malloc_free_list
 .bss.__malloc_sbrk_start
                0x000000002000010c        0x4 d:/app/stm32cubeide_1.7.0/stm32cubeide/plugins/com.st.stm32cube.ide.mcu.externaltools.gnu-tools-for-stm32.9-2020-q2-update.win32_2.0.0.202105311346/tools/bin/../lib/gcc/arm-none-eabi/9.3.1/../../../../arm-none-eabi/lib/thumb/v7-m/nofp\libc_nano.a(lib_a-nano-mallocr.o)
                0x000000002000010c                __malloc_sbrk_start
 *(COMMON)
 COMMON         0x0000000020000110       0x61 ./Core/Src/SCH_Task.o
                0x0000000020000110                flagForButtonDoubleTap
                0x0000000020000114                SCH_Task_List
                0x0000000020000118                led_counter
                0x000000002000011a                ERROR_CODE
                0x000000002000011c                led_buffer
                0x0000000020000120                BUTTON
                0x0000000020000124                flagForButtonHold
                0x0000000020000127                RUNNING_TASK
                0x0000000020000128                timer_flag
                0x0000000020000130                flagForButtonPress
                0x0000000020000134                pin
                0x0000000020000144                port
                0x0000000020000160                flagForButtonTapHold
                0x0000000020000164                TaskPara
                0x0000000020000170                ID_HOLDER
 *fill*         0x0000000020000171        0x3 
 COMMON         0x0000000020000174        0x4 ./Core/Src/fsm_run.o
                0x0000000020000174                color
 COMMON         0x0000000020000178       0x54 ./Core/Src/main.o
                0x0000000020000178                hiwdg
                0x0000000020000184                htim2
 COMMON         0x00000000200001cc        0x4 ./Drivers/STM32F1xx_HAL_Driver/Src/stm32f1xx_hal.o
                0x00000000200001cc                uwTick
 COMMON         0x00000000200001d0        0x4 d:/app/stm32cubeide_1.7.0/stm32cubeide/plugins/com.st.stm32cube.ide.mcu.externaltools.gnu-tools-for-stm32.9-2020-q2-update.win32_2.0.0.202105311346/tools/bin/../lib/gcc/arm-none-eabi/9.3.1/../../../../arm-none-eabi/lib/thumb/v7-m/nofp\libc_nano.a(lib_a-reent.o)
                0x00000000200001d0                errno
 COMMON         0x00000000200001d4        0x9 d:/app/stm32cubeide_1.7.0/stm32cubeide/plugins/com.st.stm32cube.ide.mcu.externaltools.gnu-tools-for-stm32.9-2020-q2-update.win32_2.0.0.202105311346/tools/bin/../lib/gcc/arm-none-eabi/9.3.1/../../../../arm-none-eabi/lib/thumb/v7-m/nofp\libc_nano.a(lib_a-lock.o)
                0x00000000200001d4                __lock___atexit_recursive_mutex
                0x00000000200001d5                __lock___arc4random_mutex
                0x00000000200001d6                __lock___env_recursive_mutex
                0x00000000200001d7                __lock___sinit_recursive_mutex
                0x00000000200001d8                __lock___malloc_recursive_mutex
                0x00000000200001d9                __lock___at_quick_exit_mutex
                0x00000000200001da                __lock___dd_hash_mutex
                0x00000000200001db                __lock___tz_mutex
                0x00000000200001dc                __lock___sfp_recursive_mutex
                0x00000000200001e0                . = ALIGN (0x4)
 *fill*         0x00000000200001dd        0x3 
                0x00000000200001e0                _ebss = .
                0x00000000200001e0                __bss_end__ = _ebss

._user_heap_stack
                0x00000000200001e0      0x600 load address 0x00000000080037a0
                0x00000000200001e0                . = ALIGN (0x8)
                [!provide]                        PROVIDE (end = .)
                0x00000000200001e0                PROVIDE (_end = .)
                0x00000000200003e0                . = (. + _Min_Heap_Size)
 *fill*         0x00000000200001e0      0x200 
                0x00000000200007e0                . = (. + _Min_Stack_Size)
 *fill*         0x00000000200003e0      0x400 
                0x00000000200007e0                . = ALIGN (0x8)

/DISCARD/
 libc.a(*)
 libm.a(*)
 libgcc.a(*)

.ARM.attributes
                0x0000000000000000       0x29
 *(.ARM.attributes)
 .ARM.attributes
                0x0000000000000000       0x1d d:/app/stm32cubeide_1.7.0/stm32cubeide/plugins/com.st.stm32cube.ide.mcu.externaltools.gnu-tools-for-stm32.9-2020-q2-update.win32_2.0.0.202105311346/tools/bin/../lib/gcc/arm-none-eabi/9.3.1/thumb/v7-m/nofp/crti.o
 .ARM.attributes
                0x000000000000001d       0x2d d:/app/stm32cubeide_1.7.0/stm32cubeide/plugins/com.st.stm32cube.ide.mcu.externaltools.gnu-tools-for-stm32.9-2020-q2-update.win32_2.0.0.202105311346/tools/bin/../lib/gcc/arm-none-eabi/9.3.1/thumb/v7-m/nofp/crtbegin.o
 .ARM.attributes
                0x000000000000004a       0x2d ./Core/Src/SCH_Task.o
 .ARM.attributes
                0x0000000000000077       0x2d ./Core/Src/Scheduler.o
 .ARM.attributes
                0x00000000000000a4       0x2d ./Core/Src/display7seg.o
 .ARM.attributes
                0x00000000000000d1       0x2d ./Core/Src/fsm_input_driven.o
 .ARM.attributes
                0x00000000000000fe       0x2d ./Core/Src/fsm_run.o
 .ARM.attributes
                0x000000000000012b       0x2d ./Core/Src/global.o
 .ARM.attributes
                0x0000000000000158       0x2d ./Core/Src/input_reading.o
 .ARM.attributes
                0x0000000000000185       0x2d ./Core/Src/main.o
 .ARM.attributes
                0x00000000000001b2       0x2d ./Core/Src/stm32f1xx_hal_msp.o
 .ARM.attributes
                0x00000000000001df       0x2d ./Core/Src/stm32f1xx_it.o
 .ARM.attributes
                0x000000000000020c       0x2d ./Core/Src/sysmem.o
 .ARM.attributes
                0x0000000000000239       0x2d ./Core/Src/system_stm32f1xx.o
 .ARM.attributes
                0x0000000000000266       0x2d ./Core/Src/traffic_light.o
 .ARM.attributes
                0x0000000000000293       0x21 ./Core/Startup/startup_stm32f103c6tx.o
 .ARM.attributes
                0x00000000000002b4       0x2d ./Drivers/STM32F1xx_HAL_Driver/Src/stm32f1xx_hal.o
 .ARM.attributes
                0x00000000000002e1       0x2d ./Drivers/STM32F1xx_HAL_Driver/Src/stm32f1xx_hal_cortex.o
 .ARM.attributes
                0x000000000000030e       0x2d ./Drivers/STM32F1xx_HAL_Driver/Src/stm32f1xx_hal_gpio.o
 .ARM.attributes
                0x000000000000033b       0x2d ./Drivers/STM32F1xx_HAL_Driver/Src/stm32f1xx_hal_iwdg.o
 .ARM.attributes
                0x0000000000000368       0x2d ./Drivers/STM32F1xx_HAL_Driver/Src/stm32f1xx_hal_rcc.o
 .ARM.attributes
                0x0000000000000395       0x2d ./Drivers/STM32F1xx_HAL_Driver/Src/stm32f1xx_hal_tim.o
 .ARM.attributes
                0x00000000000003c2       0x2d ./Drivers/STM32F1xx_HAL_Driver/Src/stm32f1xx_hal_tim_ex.o
 .ARM.attributes
                0x00000000000003ef       0x2d d:/app/stm32cubeide_1.7.0/stm32cubeide/plugins/com.st.stm32cube.ide.mcu.externaltools.gnu-tools-for-stm32.9-2020-q2-update.win32_2.0.0.202105311346/tools/bin/../lib/gcc/arm-none-eabi/9.3.1/../../../../arm-none-eabi/lib/thumb/v7-m/nofp\libc_nano.a(lib_a-errno.o)
 .ARM.attributes
                0x000000000000041c       0x2d d:/app/stm32cubeide_1.7.0/stm32cubeide/plugins/com.st.stm32cube.ide.mcu.externaltools.gnu-tools-for-stm32.9-2020-q2-update.win32_2.0.0.202105311346/tools/bin/../lib/gcc/arm-none-eabi/9.3.1/../../../../arm-none-eabi/lib/thumb/v7-m/nofp\libc_nano.a(lib_a-impure.o)
 .ARM.attributes
                0x0000000000000449       0x2d d:/app/stm32cubeide_1.7.0/stm32cubeide/plugins/com.st.stm32cube.ide.mcu.externaltools.gnu-tools-for-stm32.9-2020-q2-update.win32_2.0.0.202105311346/tools/bin/../lib/gcc/arm-none-eabi/9.3.1/../../../../arm-none-eabi/lib/thumb/v7-m/nofp\libc_nano.a(lib_a-init.o)
 .ARM.attributes
                0x0000000000000476       0x2d d:/app/stm32cubeide_1.7.0/stm32cubeide/plugins/com.st.stm32cube.ide.mcu.externaltools.gnu-tools-for-stm32.9-2020-q2-update.win32_2.0.0.202105311346/tools/bin/../lib/gcc/arm-none-eabi/9.3.1/../../../../arm-none-eabi/lib/thumb/v7-m/nofp\libc_nano.a(lib_a-malloc.o)
 .ARM.attributes
                0x00000000000004a3       0x2d d:/app/stm32cubeide_1.7.0/stm32cubeide/plugins/com.st.stm32cube.ide.mcu.externaltools.gnu-tools-for-stm32.9-2020-q2-update.win32_2.0.0.202105311346/tools/bin/../lib/gcc/arm-none-eabi/9.3.1/../../../../arm-none-eabi/lib/thumb/v7-m/nofp\libc_nano.a(lib_a-memset.o)
 .ARM.attributes
                0x00000000000004d0       0x2d d:/app/stm32cubeide_1.7.0/stm32cubeide/plugins/com.st.stm32cube.ide.mcu.externaltools.gnu-tools-for-stm32.9-2020-q2-update.win32_2.0.0.202105311346/tools/bin/../lib/gcc/arm-none-eabi/9.3.1/../../../../arm-none-eabi/lib/thumb/v7-m/nofp\libc_nano.a(lib_a-nano-freer.o)
 .ARM.attributes
                0x00000000000004fd       0x2d d:/app/stm32cubeide_1.7.0/stm32cubeide/plugins/com.st.stm32cube.ide.mcu.externaltools.gnu-tools-for-stm32.9-2020-q2-update.win32_2.0.0.202105311346/tools/bin/../lib/gcc/arm-none-eabi/9.3.1/../../../../arm-none-eabi/lib/thumb/v7-m/nofp\libc_nano.a(lib_a-nano-mallocr.o)
 .ARM.attributes
                0x000000000000052a       0x2d d:/app/stm32cubeide_1.7.0/stm32cubeide/plugins/com.st.stm32cube.ide.mcu.externaltools.gnu-tools-for-stm32.9-2020-q2-update.win32_2.0.0.202105311346/tools/bin/../lib/gcc/arm-none-eabi/9.3.1/../../../../arm-none-eabi/lib/thumb/v7-m/nofp\libc_nano.a(lib_a-sbrkr.o)
 .ARM.attributes
                0x0000000000000557       0x2d d:/app/stm32cubeide_1.7.0/stm32cubeide/plugins/com.st.stm32cube.ide.mcu.externaltools.gnu-tools-for-stm32.9-2020-q2-update.win32_2.0.0.202105311346/tools/bin/../lib/gcc/arm-none-eabi/9.3.1/../../../../arm-none-eabi/lib/thumb/v7-m/nofp\libc_nano.a(lib_a-mlock.o)
 .ARM.attributes
                0x0000000000000584       0x2d d:/app/stm32cubeide_1.7.0/stm32cubeide/plugins/com.st.stm32cube.ide.mcu.externaltools.gnu-tools-for-stm32.9-2020-q2-update.win32_2.0.0.202105311346/tools/bin/../lib/gcc/arm-none-eabi/9.3.1/../../../../arm-none-eabi/lib/thumb/v7-m/nofp\libc_nano.a(lib_a-reent.o)
 .ARM.attributes
                0x00000000000005b1       0x2d d:/app/stm32cubeide_1.7.0/stm32cubeide/plugins/com.st.stm32cube.ide.mcu.externaltools.gnu-tools-for-stm32.9-2020-q2-update.win32_2.0.0.202105311346/tools/bin/../lib/gcc/arm-none-eabi/9.3.1/../../../../arm-none-eabi/lib/thumb/v7-m/nofp\libc_nano.a(lib_a-lock.o)
 .ARM.attributes
                0x00000000000005de       0x1d d:/app/stm32cubeide_1.7.0/stm32cubeide/plugins/com.st.stm32cube.ide.mcu.externaltools.gnu-tools-for-stm32.9-2020-q2-update.win32_2.0.0.202105311346/tools/bin/../lib/gcc/arm-none-eabi/9.3.1/thumb/v7-m/nofp/crtn.o
OUTPUT(STM32_lab3_SCH.elf elf32-littlearm)
LOAD linker stubs
LOAD d:/app/stm32cubeide_1.7.0/stm32cubeide/plugins/com.st.stm32cube.ide.mcu.externaltools.gnu-tools-for-stm32.9-2020-q2-update.win32_2.0.0.202105311346/tools/bin/../lib/gcc/arm-none-eabi/9.3.1/../../../../arm-none-eabi/lib/thumb/v7-m/nofp\libc.a
LOAD d:/app/stm32cubeide_1.7.0/stm32cubeide/plugins/com.st.stm32cube.ide.mcu.externaltools.gnu-tools-for-stm32.9-2020-q2-update.win32_2.0.0.202105311346/tools/bin/../lib/gcc/arm-none-eabi/9.3.1/../../../../arm-none-eabi/lib/thumb/v7-m/nofp\libm.a
LOAD d:/app/stm32cubeide_1.7.0/stm32cubeide/plugins/com.st.stm32cube.ide.mcu.externaltools.gnu-tools-for-stm32.9-2020-q2-update.win32_2.0.0.202105311346/tools/bin/../lib/gcc/arm-none-eabi/9.3.1/thumb/v7-m/nofp\libgcc.a

.debug_info     0x0000000000000000    0x11cf7
 .debug_info    0x0000000000000000     0x16c8 ./Core/Src/SCH_Task.o
 .debug_info    0x00000000000016c8     0x156e ./Core/Src/Scheduler.o
 .debug_info    0x0000000000002c36      0x6d2 ./Core/Src/display7seg.o
 .debug_info    0x0000000000003308     0x16e2 ./Core/Src/fsm_input_driven.o
 .debug_info    0x00000000000049ea     0x187a ./Core/Src/fsm_run.o
 .debug_info    0x0000000000006264      0x483 ./Core/Src/global.o
 .debug_info    0x00000000000066e7      0xf1f ./Core/Src/input_reading.o
 .debug_info    0x0000000000007606     0x1a10 ./Core/Src/main.o
 .debug_info    0x0000000000009016      0xa09 ./Core/Src/stm32f1xx_hal_msp.o
 .debug_info    0x0000000000009a1f      0x7b9 ./Core/Src/stm32f1xx_it.o
 .debug_info    0x000000000000a1d8      0xa25 ./Core/Src/sysmem.o
 .debug_info    0x000000000000abfd      0x2be ./Core/Src/system_stm32f1xx.o
 .debug_info    0x000000000000aebb      0x700 ./Core/Src/traffic_light.o
 .debug_info    0x000000000000b5bb       0x22 ./Core/Startup/startup_stm32f103c6tx.o
 .debug_info    0x000000000000b5dd      0x74c ./Drivers/STM32F1xx_HAL_Driver/Src/stm32f1xx_hal.o
 .debug_info    0x000000000000bd29      0xbbe ./Drivers/STM32F1xx_HAL_Driver/Src/stm32f1xx_hal_cortex.o
 .debug_info    0x000000000000c8e7      0x701 ./Drivers/STM32F1xx_HAL_Driver/Src/stm32f1xx_hal_gpio.o
 .debug_info    0x000000000000cfe8      0x2cb ./Drivers/STM32F1xx_HAL_Driver/Src/stm32f1xx_hal_iwdg.o
 .debug_info    0x000000000000d2b3      0x893 ./Drivers/STM32F1xx_HAL_Driver/Src/stm32f1xx_hal_rcc.o
 .debug_info    0x000000000000db46     0x2c32 ./Drivers/STM32F1xx_HAL_Driver/Src/stm32f1xx_hal_tim.o
 .debug_info    0x0000000000010778     0x157f ./Drivers/STM32F1xx_HAL_Driver/Src/stm32f1xx_hal_tim_ex.o

.debug_abbrev   0x0000000000000000     0x29df
 .debug_abbrev  0x0000000000000000      0x246 ./Core/Src/SCH_Task.o
 .debug_abbrev  0x0000000000000246      0x2c8 ./Core/Src/Scheduler.o
 .debug_abbrev  0x000000000000050e      0x1ef ./Core/Src/display7seg.o
 .debug_abbrev  0x00000000000006fd      0x248 ./Core/Src/fsm_input_driven.o
 .debug_abbrev  0x0000000000000945      0x26f ./Core/Src/fsm_run.o
 .debug_abbrev  0x0000000000000bb4      0x152 ./Core/Src/global.o
 .debug_abbrev  0x0000000000000d06      0x27a ./Core/Src/input_reading.o
 .debug_abbrev  0x0000000000000f80      0x2f0 ./Core/Src/main.o
 .debug_abbrev  0x0000000000001270      0x1b7 ./Core/Src/stm32f1xx_hal_msp.o
 .debug_abbrev  0x0000000000001427      0x176 ./Core/Src/stm32f1xx_it.o
 .debug_abbrev  0x000000000000159d      0x1bf ./Core/Src/sysmem.o
 .debug_abbrev  0x000000000000175c      0x14e ./Core/Src/system_stm32f1xx.o
 .debug_abbrev  0x00000000000018aa      0x1b2 ./Core/Src/traffic_light.o
 .debug_abbrev  0x0000000000001a5c       0x12 ./Core/Startup/startup_stm32f103c6tx.o
 .debug_abbrev  0x0000000000001a6e      0x1ed ./Drivers/STM32F1xx_HAL_Driver/Src/stm32f1xx_hal.o
 .debug_abbrev  0x0000000000001c5b      0x313 ./Drivers/STM32F1xx_HAL_Driver/Src/stm32f1xx_hal_cortex.o
 .debug_abbrev  0x0000000000001f6e      0x1e8 ./Drivers/STM32F1xx_HAL_Driver/Src/stm32f1xx_hal_gpio.o
 .debug_abbrev  0x0000000000002156      0x152 ./Drivers/STM32F1xx_HAL_Driver/Src/stm32f1xx_hal_iwdg.o
 .debug_abbrev  0x00000000000022a8      0x273 ./Drivers/STM32F1xx_HAL_Driver/Src/stm32f1xx_hal_rcc.o
 .debug_abbrev  0x000000000000251b      0x25e ./Drivers/STM32F1xx_HAL_Driver/Src/stm32f1xx_hal_tim.o
 .debug_abbrev  0x0000000000002779      0x266 ./Drivers/STM32F1xx_HAL_Driver/Src/stm32f1xx_hal_tim_ex.o

.debug_aranges  0x0000000000000000      0xb50
 .debug_aranges
                0x0000000000000000       0x48 ./Core/Src/SCH_Task.o
 .debug_aranges
                0x0000000000000048       0x50 ./Core/Src/Scheduler.o
 .debug_aranges
                0x0000000000000098       0x40 ./Core/Src/display7seg.o
 .debug_aranges
                0x00000000000000d8       0x38 ./Core/Src/fsm_input_driven.o
 .debug_aranges
                0x0000000000000110       0x28 ./Core/Src/fsm_run.o
 .debug_aranges
                0x0000000000000138       0x28 ./Core/Src/global.o
 .debug_aranges
                0x0000000000000160       0x40 ./Core/Src/input_reading.o
 .debug_aranges
                0x00000000000001a0       0x48 ./Core/Src/main.o
 .debug_aranges
                0x00000000000001e8       0x30 ./Core/Src/stm32f1xx_hal_msp.o
 .debug_aranges
                0x0000000000000218       0x68 ./Core/Src/stm32f1xx_it.o
 .debug_aranges
                0x0000000000000280       0x20 ./Core/Src/sysmem.o
 .debug_aranges
                0x00000000000002a0       0x28 ./Core/Src/system_stm32f1xx.o
 .debug_aranges
                0x00000000000002c8       0x38 ./Core/Src/traffic_light.o
 .debug_aranges
                0x0000000000000300       0x28 ./Core/Startup/startup_stm32f103c6tx.o
 .debug_aranges
                0x0000000000000328       0xe0 ./Drivers/STM32F1xx_HAL_Driver/Src/stm32f1xx_hal.o
 .debug_aranges
                0x0000000000000408      0x100 ./Drivers/STM32F1xx_HAL_Driver/Src/stm32f1xx_hal_cortex.o
 .debug_aranges
                0x0000000000000508       0x58 ./Drivers/STM32F1xx_HAL_Driver/Src/stm32f1xx_hal_gpio.o
 .debug_aranges
                0x0000000000000560       0x28 ./Drivers/STM32F1xx_HAL_Driver/Src/stm32f1xx_hal_iwdg.o
 .debug_aranges
                0x0000000000000588       0x90 ./Drivers/STM32F1xx_HAL_Driver/Src/stm32f1xx_hal_rcc.o
 .debug_aranges
                0x0000000000000618      0x3d0 ./Drivers/STM32F1xx_HAL_Driver/Src/stm32f1xx_hal_tim.o
 .debug_aranges
                0x00000000000009e8      0x168 ./Drivers/STM32F1xx_HAL_Driver/Src/stm32f1xx_hal_tim_ex.o

.debug_ranges   0x0000000000000000      0xa08
 .debug_ranges  0x0000000000000000       0x38 ./Core/Src/SCH_Task.o
 .debug_ranges  0x0000000000000038       0x40 ./Core/Src/Scheduler.o
 .debug_ranges  0x0000000000000078       0x30 ./Core/Src/display7seg.o
 .debug_ranges  0x00000000000000a8       0x28 ./Core/Src/fsm_input_driven.o
 .debug_ranges  0x00000000000000d0       0x18 ./Core/Src/fsm_run.o
 .debug_ranges  0x00000000000000e8       0x18 ./Core/Src/global.o
 .debug_ranges  0x0000000000000100       0x30 ./Core/Src/input_reading.o
 .debug_ranges  0x0000000000000130       0x38 ./Core/Src/main.o
 .debug_ranges  0x0000000000000168       0x20 ./Core/Src/stm32f1xx_hal_msp.o
 .debug_ranges  0x0000000000000188       0x58 ./Core/Src/stm32f1xx_it.o
 .debug_ranges  0x00000000000001e0       0x10 ./Core/Src/sysmem.o
 .debug_ranges  0x00000000000001f0       0x18 ./Core/Src/system_stm32f1xx.o
 .debug_ranges  0x0000000000000208       0x28 ./Core/Src/traffic_light.o
 .debug_ranges  0x0000000000000230       0x20 ./Core/Startup/startup_stm32f103c6tx.o
 .debug_ranges  0x0000000000000250       0xd0 ./Drivers/STM32F1xx_HAL_Driver/Src/stm32f1xx_hal.o
 .debug_ranges  0x0000000000000320       0xf0 ./Drivers/STM32F1xx_HAL_Driver/Src/stm32f1xx_hal_cortex.o
 .debug_ranges  0x0000000000000410       0x48 ./Drivers/STM32F1xx_HAL_Driver/Src/stm32f1xx_hal_gpio.o
 .debug_ranges  0x0000000000000458       0x18 ./Drivers/STM32F1xx_HAL_Driver/Src/stm32f1xx_hal_iwdg.o
 .debug_ranges  0x0000000000000470       0x80 ./Drivers/STM32F1xx_HAL_Driver/Src/stm32f1xx_hal_rcc.o
 .debug_ranges  0x00000000000004f0      0x3c0 ./Drivers/STM32F1xx_HAL_Driver/Src/stm32f1xx_hal_tim.o
 .debug_ranges  0x00000000000008b0      0x158 ./Drivers/STM32F1xx_HAL_Driver/Src/stm32f1xx_hal_tim_ex.o

.debug_macro    0x0000000000000000    0x18571
 .debug_macro   0x0000000000000000      0x2d9 ./Core/Src/SCH_Task.o
 .debug_macro   0x00000000000002d9      0xa9c ./Core/Src/SCH_Task.o
 .debug_macro   0x0000000000000d75      0x21b ./Core/Src/SCH_Task.o
 .debug_macro   0x0000000000000f90       0x2e ./Core/Src/SCH_Task.o
 .debug_macro   0x0000000000000fbe       0x22 ./Core/Src/SCH_Task.o
 .debug_macro   0x0000000000000fe0       0x22 ./Core/Src/SCH_Task.o
 .debug_macro   0x0000000000001002       0x8e ./Core/Src/SCH_Task.o
 .debug_macro   0x0000000000001090       0x51 ./Core/Src/SCH_Task.o
 .debug_macro   0x00000000000010e1      0x103 ./Core/Src/SCH_Task.o
 .debug_macro   0x00000000000011e4       0x6a ./Core/Src/SCH_Task.o
 .debug_macro   0x000000000000124e      0x1df ./Core/Src/SCH_Task.o
 .debug_macro   0x000000000000142d       0x1c ./Core/Src/SCH_Task.o
 .debug_macro   0x0000000000001449       0x22 ./Core/Src/SCH_Task.o
 .debug_macro   0x000000000000146b       0xc3 ./Core/Src/SCH_Task.o
 .debug_macro   0x000000000000152e      0xd23 ./Core/Src/SCH_Task.o
 .debug_macro   0x0000000000002251     0xde75 ./Core/Src/SCH_Task.o
 .debug_macro   0x00000000000100c6       0x6d ./Core/Src/SCH_Task.o
 .debug_macro   0x0000000000010133     0x34a2 ./Core/Src/SCH_Task.o
 .debug_macro   0x00000000000135d5      0x174 ./Core/Src/SCH_Task.o
 .debug_macro   0x0000000000013749       0x5c ./Core/Src/SCH_Task.o
 .debug_macro   0x00000000000137a5      0x5bc ./Core/Src/SCH_Task.o
 .debug_macro   0x0000000000013d61      0x1b7 ./Core/Src/SCH_Task.o
 .debug_macro   0x0000000000013f18      0x1cb ./Core/Src/SCH_Task.o
 .debug_macro   0x00000000000140e3      0x114 ./Core/Src/SCH_Task.o
 .debug_macro   0x00000000000141f7      0x1b2 ./Core/Src/SCH_Task.o
 .debug_macro   0x00000000000143a9       0x27 ./Core/Src/SCH_Task.o
 .debug_macro   0x00000000000143d0      0x12f ./Core/Src/SCH_Task.o
 .debug_macro   0x00000000000144ff      0x1bc ./Core/Src/SCH_Task.o
 .debug_macro   0x00000000000146bb       0x34 ./Core/Src/SCH_Task.o
 .debug_macro   0x00000000000146ef       0x3c ./Core/Src/SCH_Task.o
 .debug_macro   0x000000000001472b       0x57 ./Core/Src/SCH_Task.o
 .debug_macro   0x0000000000014782       0x87 ./Core/Src/SCH_Task.o
 .debug_macro   0x0000000000014809      0x183 ./Core/Src/SCH_Task.o
 .debug_macro   0x000000000001498c       0x78 ./Core/Src/SCH_Task.o
 .debug_macro   0x0000000000014a04      0x140 ./Core/Src/SCH_Task.o
 .debug_macro   0x0000000000014b44      0x8ed ./Core/Src/SCH_Task.o
 .debug_macro   0x0000000000015431       0x69 ./Core/Src/SCH_Task.o
 .debug_macro   0x000000000001549a      0x124 ./Core/Src/SCH_Task.o
 .debug_macro   0x00000000000155be       0x40 ./Core/Src/SCH_Task.o
 .debug_macro   0x00000000000155fe       0x18 ./Core/Src/SCH_Task.o
 .debug_macro   0x0000000000015616       0x52 ./Core/Src/SCH_Task.o
 .debug_macro   0x0000000000015668       0x3c ./Core/Src/SCH_Task.o
 .debug_macro   0x00000000000156a4       0x34 ./Core/Src/SCH_Task.o
 .debug_macro   0x00000000000156d8       0x16 ./Core/Src/SCH_Task.o
 .debug_macro   0x00000000000156ee       0x35 ./Core/Src/SCH_Task.o
 .debug_macro   0x0000000000015723       0x16 ./Core/Src/SCH_Task.o
 .debug_macro   0x0000000000015739       0x43 ./Core/Src/SCH_Task.o
 .debug_macro   0x000000000001577c       0x34 ./Core/Src/SCH_Task.o
 .debug_macro   0x00000000000157b0       0x10 ./Core/Src/SCH_Task.o
 .debug_macro   0x00000000000157c0       0x58 ./Core/Src/SCH_Task.o
 .debug_macro   0x0000000000015818       0x71 ./Core/Src/SCH_Task.o
 .debug_macro   0x0000000000015889       0x1c ./Core/Src/SCH_Task.o
 .debug_macro   0x00000000000158a5      0x12a ./Core/Src/SCH_Task.o
 .debug_macro   0x00000000000159cf      0x333 ./Core/Src/SCH_Task.o
 .debug_macro   0x0000000000015d02       0x16 ./Core/Src/SCH_Task.o
 .debug_macro   0x0000000000015d18       0x29 ./Core/Src/SCH_Task.o
 .debug_macro   0x0000000000015d41      0x29f ./Core/Src/Scheduler.o
 .debug_macro   0x0000000000015fe0      0x1d4 ./Core/Src/display7seg.o
 .debug_macro   0x00000000000161b4       0x1c ./Core/Src/display7seg.o
 .debug_macro   0x00000000000161d0      0x2e1 ./Core/Src/fsm_input_driven.o
 .debug_macro   0x00000000000164b1      0x2e9 ./Core/Src/fsm_run.o
 .debug_macro   0x000000000001679a      0x1b9 ./Core/Src/global.o
 .debug_macro   0x0000000000016953      0x2c4 ./Core/Src/input_reading.o
 .debug_macro   0x0000000000016c17       0x10 ./Core/Src/input_reading.o
 .debug_macro   0x0000000000016c27       0x20 ./Core/Src/input_reading.o
 .debug_macro   0x0000000000016c47      0x2e2 ./Core/Src/main.o
 .debug_macro   0x0000000000016f29       0x10 ./Core/Src/main.o
 .debug_macro   0x0000000000016f39      0x1b0 ./Core/Src/stm32f1xx_hal_msp.o
 .debug_macro   0x00000000000170e9      0x1ba ./Core/Src/stm32f1xx_it.o
 .debug_macro   0x00000000000172a3       0xff ./Core/Src/sysmem.o
 .debug_macro   0x00000000000173a2      0x23b ./Core/Src/sysmem.o
 .debug_macro   0x00000000000175dd      0x1a1 ./Core/Src/system_stm32f1xx.o
 .debug_macro   0x000000000001777e      0x1de ./Core/Src/traffic_light.o
 .debug_macro   0x000000000001795c      0x1c5 ./Drivers/STM32F1xx_HAL_Driver/Src/stm32f1xx_hal.o
 .debug_macro   0x0000000000017b21      0x1a1 ./Drivers/STM32F1xx_HAL_Driver/Src/stm32f1xx_hal_cortex.o
 .debug_macro   0x0000000000017cc2      0x20c ./Drivers/STM32F1xx_HAL_Driver/Src/stm32f1xx_hal_gpio.o
 .debug_macro   0x0000000000017ece      0x1ad ./Drivers/STM32F1xx_HAL_Driver/Src/stm32f1xx_hal_iwdg.o
 .debug_macro   0x000000000001807b      0x1b3 ./Drivers/STM32F1xx_HAL_Driver/Src/stm32f1xx_hal_rcc.o
 .debug_macro   0x000000000001822e      0x1a2 ./Drivers/STM32F1xx_HAL_Driver/Src/stm32f1xx_hal_tim.o
 .debug_macro   0x00000000000183d0      0x1a1 ./Drivers/STM32F1xx_HAL_Driver/Src/stm32f1xx_hal_tim_ex.o

.debug_line     0x0000000000000000     0xea99
 .debug_line    0x0000000000000000      0x91e ./Core/Src/SCH_Task.o
 .debug_line    0x000000000000091e      0xa0c ./Core/Src/Scheduler.o
 .debug_line    0x000000000000132a      0x859 ./Core/Src/display7seg.o
 .debug_line    0x0000000000001b83      0xac6 ./Core/Src/fsm_input_driven.o
 .debug_line    0x0000000000002649      0x99c ./Core/Src/fsm_run.o
 .debug_line    0x0000000000002fe5      0x6aa ./Core/Src/global.o
 .debug_line    0x000000000000368f      0xa77 ./Core/Src/input_reading.o
 .debug_line    0x0000000000004106      0x991 ./Core/Src/main.o
 .debug_line    0x0000000000004a97      0x6bd ./Core/Src/stm32f1xx_hal_msp.o
 .debug_line    0x0000000000005154      0x75b ./Core/Src/stm32f1xx_it.o
 .debug_line    0x00000000000058af      0x4fd ./Core/Src/sysmem.o
 .debug_line    0x0000000000005dac      0x6ff ./Core/Src/system_stm32f1xx.o
 .debug_line    0x00000000000064ab      0x78b ./Core/Src/traffic_light.o
 .debug_line    0x0000000000006c36       0x86 ./Core/Startup/startup_stm32f103c6tx.o
 .debug_line    0x0000000000006cbc      0x92c ./Drivers/STM32F1xx_HAL_Driver/Src/stm32f1xx_hal.o
 .debug_line    0x00000000000075e8      0xb14 ./Drivers/STM32F1xx_HAL_Driver/Src/stm32f1xx_hal_cortex.o
 .debug_line    0x00000000000080fc      0x9af ./Drivers/STM32F1xx_HAL_Driver/Src/stm32f1xx_hal_gpio.o
 .debug_line    0x0000000000008aab      0x6f7 ./Drivers/STM32F1xx_HAL_Driver/Src/stm32f1xx_hal_iwdg.o
 .debug_line    0x00000000000091a2      0xd38 ./Drivers/STM32F1xx_HAL_Driver/Src/stm32f1xx_hal_rcc.o
 .debug_line    0x0000000000009eda     0x337d ./Drivers/STM32F1xx_HAL_Driver/Src/stm32f1xx_hal_tim.o
 .debug_line    0x000000000000d257     0x1842 ./Drivers/STM32F1xx_HAL_Driver/Src/stm32f1xx_hal_tim_ex.o

.debug_str      0x0000000000000000    0x86749
 .debug_str     0x0000000000000000    0x837c7 ./Core/Src/SCH_Task.o
                                      0x83c9e (size before relaxing)
 .debug_str     0x00000000000837c7       0xd2 ./Core/Src/Scheduler.o
                                      0x83adc (size before relaxing)
 .debug_str     0x0000000000083899      0x10d ./Core/Src/display7seg.o
                                      0x803b1 (size before relaxing)
 .debug_str     0x00000000000839a6       0x6e ./Core/Src/fsm_input_driven.o
                                      0x83ca2 (size before relaxing)
 .debug_str     0x0000000000083a14       0x82 ./Core/Src/fsm_run.o
                                      0x83cc8 (size before relaxing)
 .debug_str     0x0000000000083a96       0x2b ./Core/Src/global.o
                                      0x8026a (size before relaxing)
 .debug_str     0x0000000000083ac1      0x1de ./Core/Src/input_reading.o
                                      0x83642 (size before relaxing)
 .debug_str     0x0000000000083c9f      0x2a0 ./Core/Src/main.o
                                      0x83edc (size before relaxing)
 .debug_str     0x0000000000083f3f      0x2b0 ./Core/Src/stm32f1xx_hal_msp.o
                                      0x8082a (size before relaxing)
 .debug_str     0x00000000000841ef       0xcd ./Core/Src/stm32f1xx_it.o
                                      0x8058c (size before relaxing)
 .debug_str     0x00000000000842bc      0x4e9 ./Core/Src/sysmem.o
                                       0x6286 (size before relaxing)
 .debug_str     0x00000000000847a5       0x52 ./Core/Src/system_stm32f1xx.o
                                      0x7fc6e (size before relaxing)
 .debug_str     0x00000000000847f7       0x4a ./Core/Src/traffic_light.o
                                      0x803ab (size before relaxing)
 .debug_str     0x0000000000084841       0x36 ./Core/Startup/startup_stm32f103c6tx.o
                                         0x9a (size before relaxing)
 .debug_str     0x0000000000084877      0x304 ./Drivers/STM32F1xx_HAL_Driver/Src/stm32f1xx_hal.o
                                      0x802c5 (size before relaxing)
 .debug_str     0x0000000000084b7b      0x2a6 ./Drivers/STM32F1xx_HAL_Driver/Src/stm32f1xx_hal_cortex.o
                                      0x802cd (size before relaxing)
 .debug_str     0x0000000000084e21      0x311 ./Drivers/STM32F1xx_HAL_Driver/Src/stm32f1xx_hal_gpio.o
                                      0x80032 (size before relaxing)
 .debug_str     0x0000000000085132       0xfc ./Drivers/STM32F1xx_HAL_Driver/Src/stm32f1xx_hal_iwdg.o
                                      0x7fd6b (size before relaxing)
 .debug_str     0x000000000008522e      0x24f ./Drivers/STM32F1xx_HAL_Driver/Src/stm32f1xx_hal_rcc.o
                                      0x8006b (size before relaxing)
 .debug_str     0x000000000008547d      0xdde ./Drivers/STM32F1xx_HAL_Driver/Src/stm32f1xx_hal_tim.o
                                      0x81054 (size before relaxing)
 .debug_str     0x000000000008625b      0x4ee ./Drivers/STM32F1xx_HAL_Driver/Src/stm32f1xx_hal_tim_ex.o
                                      0x807f5 (size before relaxing)

.comment        0x0000000000000000       0x53
 .comment       0x0000000000000000       0x53 ./Core/Src/SCH_Task.o
                                         0x54 (size before relaxing)
 .comment       0x0000000000000053       0x54 ./Core/Src/Scheduler.o
 .comment       0x0000000000000053       0x54 ./Core/Src/display7seg.o
 .comment       0x0000000000000053       0x54 ./Core/Src/fsm_input_driven.o
 .comment       0x0000000000000053       0x54 ./Core/Src/fsm_run.o
 .comment       0x0000000000000053       0x54 ./Core/Src/global.o
 .comment       0x0000000000000053       0x54 ./Core/Src/input_reading.o
 .comment       0x0000000000000053       0x54 ./Core/Src/main.o
 .comment       0x0000000000000053       0x54 ./Core/Src/stm32f1xx_hal_msp.o
 .comment       0x0000000000000053       0x54 ./Core/Src/stm32f1xx_it.o
 .comment       0x0000000000000053       0x54 ./Core/Src/sysmem.o
 .comment       0x0000000000000053       0x54 ./Core/Src/system_stm32f1xx.o
 .comment       0x0000000000000053       0x54 ./Core/Src/traffic_light.o
 .comment       0x0000000000000053       0x54 ./Drivers/STM32F1xx_HAL_Driver/Src/stm32f1xx_hal.o
 .comment       0x0000000000000053       0x54 ./Drivers/STM32F1xx_HAL_Driver/Src/stm32f1xx_hal_cortex.o
 .comment       0x0000000000000053       0x54 ./Drivers/STM32F1xx_HAL_Driver/Src/stm32f1xx_hal_gpio.o
 .comment       0x0000000000000053       0x54 ./Drivers/STM32F1xx_HAL_Driver/Src/stm32f1xx_hal_iwdg.o
 .comment       0x0000000000000053       0x54 ./Drivers/STM32F1xx_HAL_Driver/Src/stm32f1xx_hal_rcc.o
 .comment       0x0000000000000053       0x54 ./Drivers/STM32F1xx_HAL_Driver/Src/stm32f1xx_hal_tim.o
 .comment       0x0000000000000053       0x54 ./Drivers/STM32F1xx_HAL_Driver/Src/stm32f1xx_hal_tim_ex.o

.debug_frame    0x0000000000000000     0x2d74
 .debug_frame   0x0000000000000000       0xc0 ./Core/Src/SCH_Task.o
 .debug_frame   0x00000000000000c0      0x108 ./Core/Src/Scheduler.o
 .debug_frame   0x00000000000001c8       0xbc ./Core/Src/display7seg.o
 .debug_frame   0x0000000000000284       0x90 ./Core/Src/fsm_input_driven.o
 .debug_frame   0x0000000000000314       0x4c ./Core/Src/fsm_run.o
 .debug_frame   0x0000000000000360       0x58 ./Core/Src/global.o
 .debug_frame   0x00000000000003b8       0xb0 ./Core/Src/input_reading.o
 .debug_frame   0x0000000000000468       0xcc ./Core/Src/main.o
 .debug_frame   0x0000000000000534       0x80 ./Core/Src/stm32f1xx_hal_msp.o
 .debug_frame   0x00000000000005b4      0x120 ./Core/Src/stm32f1xx_it.o
 .debug_frame   0x00000000000006d4       0x34 ./Core/Src/sysmem.o
 .debug_frame   0x0000000000000708       0x58 ./Core/Src/system_stm32f1xx.o
 .debug_frame   0x0000000000000760       0xa0 ./Core/Src/traffic_light.o
 .debug_frame   0x0000000000000800      0x334 ./Drivers/STM32F1xx_HAL_Driver/Src/stm32f1xx_hal.o
 .debug_frame   0x0000000000000b34      0x428 ./Drivers/STM32F1xx_HAL_Driver/Src/stm32f1xx_hal_cortex.o
 .debug_frame   0x0000000000000f5c      0x14c ./Drivers/STM32F1xx_HAL_Driver/Src/stm32f1xx_hal_gpio.o
 .debug_frame   0x00000000000010a8       0x5c ./Drivers/STM32F1xx_HAL_Driver/Src/stm32f1xx_hal_iwdg.o
 .debug_frame   0x0000000000001104      0x218 ./Drivers/STM32F1xx_HAL_Driver/Src/stm32f1xx_hal_rcc.o
 .debug_frame   0x000000000000131c     0x11b4 ./Drivers/STM32F1xx_HAL_Driver/Src/stm32f1xx_hal_tim.o
 .debug_frame   0x00000000000024d0      0x638 ./Drivers/STM32F1xx_HAL_Driver/Src/stm32f1xx_hal_tim_ex.o
 .debug_frame   0x0000000000002b08       0x20 d:/app/stm32cubeide_1.7.0/stm32cubeide/plugins/com.st.stm32cube.ide.mcu.externaltools.gnu-tools-for-stm32.9-2020-q2-update.win32_2.0.0.202105311346/tools/bin/../lib/gcc/arm-none-eabi/9.3.1/../../../../arm-none-eabi/lib/thumb/v7-m/nofp\libc_nano.a(lib_a-errno.o)
 .debug_frame   0x0000000000002b28       0x2c d:/app/stm32cubeide_1.7.0/stm32cubeide/plugins/com.st.stm32cube.ide.mcu.externaltools.gnu-tools-for-stm32.9-2020-q2-update.win32_2.0.0.202105311346/tools/bin/../lib/gcc/arm-none-eabi/9.3.1/../../../../arm-none-eabi/lib/thumb/v7-m/nofp\libc_nano.a(lib_a-init.o)
 .debug_frame   0x0000000000002b54       0x30 d:/app/stm32cubeide_1.7.0/stm32cubeide/plugins/com.st.stm32cube.ide.mcu.externaltools.gnu-tools-for-stm32.9-2020-q2-update.win32_2.0.0.202105311346/tools/bin/../lib/gcc/arm-none-eabi/9.3.1/../../../../arm-none-eabi/lib/thumb/v7-m/nofp\libc_nano.a(lib_a-malloc.o)
 .debug_frame   0x0000000000002b84       0x20 d:/app/stm32cubeide_1.7.0/stm32cubeide/plugins/com.st.stm32cube.ide.mcu.externaltools.gnu-tools-for-stm32.9-2020-q2-update.win32_2.0.0.202105311346/tools/bin/../lib/gcc/arm-none-eabi/9.3.1/../../../../arm-none-eabi/lib/thumb/v7-m/nofp\libc_nano.a(lib_a-memset.o)
 .debug_frame   0x0000000000002ba4       0x38 d:/app/stm32cubeide_1.7.0/stm32cubeide/plugins/com.st.stm32cube.ide.mcu.externaltools.gnu-tools-for-stm32.9-2020-q2-update.win32_2.0.0.202105311346/tools/bin/../lib/gcc/arm-none-eabi/9.3.1/../../../../arm-none-eabi/lib/thumb/v7-m/nofp\libc_nano.a(lib_a-nano-freer.o)
 .debug_frame   0x0000000000002bdc       0x30 d:/app/stm32cubeide_1.7.0/stm32cubeide/plugins/com.st.stm32cube.ide.mcu.externaltools.gnu-tools-for-stm32.9-2020-q2-update.win32_2.0.0.202105311346/tools/bin/../lib/gcc/arm-none-eabi/9.3.1/../../../../arm-none-eabi/lib/thumb/v7-m/nofp\libc_nano.a(lib_a-nano-mallocr.o)
 .debug_frame   0x0000000000002c0c       0x2c d:/app/stm32cubeide_1.7.0/stm32cubeide/plugins/com.st.stm32cube.ide.mcu.externaltools.gnu-tools-for-stm32.9-2020-q2-update.win32_2.0.0.202105311346/tools/bin/../lib/gcc/arm-none-eabi/9.3.1/../../../../arm-none-eabi/lib/thumb/v7-m/nofp\libc_nano.a(lib_a-sbrkr.o)
 .debug_frame   0x0000000000002c38       0x30 d:/app/stm32cubeide_1.7.0/stm32cubeide/plugins/com.st.stm32cube.ide.mcu.externaltools.gnu-tools-for-stm32.9-2020-q2-update.win32_2.0.0.202105311346/tools/bin/../lib/gcc/arm-none-eabi/9.3.1/../../../../arm-none-eabi/lib/thumb/v7-m/nofp\libc_nano.a(lib_a-mlock.o)
 .debug_frame   0x0000000000002c68       0x5c d:/app/stm32cubeide_1.7.0/stm32cubeide/plugins/com.st.stm32cube.ide.mcu.externaltools.gnu-tools-for-stm32.9-2020-q2-update.win32_2.0.0.202105311346/tools/bin/../lib/gcc/arm-none-eabi/9.3.1/../../../../arm-none-eabi/lib/thumb/v7-m/nofp\libc_nano.a(lib_a-reent.o)
 .debug_frame   0x0000000000002cc4       0xb0 d:/app/stm32cubeide_1.7.0/stm32cubeide/plugins/com.st.stm32cube.ide.mcu.externaltools.gnu-tools-for-stm32.9-2020-q2-update.win32_2.0.0.202105311346/tools/bin/../lib/gcc/arm-none-eabi/9.3.1/../../../../arm-none-eabi/lib/thumb/v7-m/nofp\libc_nano.a(lib_a-lock.o)
